
> next15-supabase-mfa@0.1.0 test:components
> vitest run --config vitest.config.ts

(node:51355) [DEP0205] DeprecationWarning: `module.register()` is deprecated. Use `module.registerHooks()` instead.
(Use `node --trace-deprecation ...` to show where the warning was created)

[1m[46m RUN [49m[22m [36mv4.1.2 [39m[90m/Users/svenvanlaar/Documents/GitHub/finfit/finfit-ui[39m

 [32m✓[39m tests/components/smoke-main.vitest.test.tsx [2m([22m[2m31 tests[22m[2m)[22m[32m 95[2mms[22m[39m
DOMException [AbortError]: The operation was aborted.
    at Fetch.onAsyncTaskManagerAbort (file:///Users/svenvanlaar/Documents/GitHub/finfit/finfit-ui/node_modules/happy-dom/lib/fetch/Fetch.js:546:23)
    at Object.<anonymous> (file:///Users/svenvanlaar/Documents/GitHub/finfit/finfit-ui/node_modules/happy-dom/lib/fetch/Fetch.js:416:101)
    at AsyncTaskManager.abortAll (file:///Users/svenvanlaar/Documents/GitHub/finfit/finfit-ui/node_modules/happy-dom/lib/async-task-manager/AsyncTaskManager.js:292:30)
    at AsyncTaskManager.abort (file:///Users/svenvanlaar/Documents/GitHub/finfit/finfit-ui/node_modules/happy-dom/lib/async-task-manager/AsyncTaskManager.js:52:21)
    at DetachedBrowserFrame.abort (file:///Users/svenvanlaar/Documents/GitHub/finfit/finfit-ui/node_modules/happy-dom/lib/browser/detached-browser/DetachedBrowserFrame.js:112:58)
    at DetachedWindowAPI.abort (file:///Users/svenvanlaar/Documents/GitHub/finfit/finfit-ui/node_modules/happy-dom/lib/window/DetachedWindowAPI.js:51:35)
    at teardownWindow (file:///Users/svenvanlaar/Documents/GitHub/finfit/finfit-ui/node_modules/vitest/dist/chunks/index.DC7d2Pf8.js:331:22)
    at Object.teardown (file:///Users/svenvanlaar/Documents/GitHub/finfit/finfit-ui/node_modules/vitest/dist/chunks/index.DC7d2Pf8.js:392:10)
    at file:///Users/svenvanlaar/Documents/GitHub/finfit/finfit-ui/node_modules/vitest/dist/chunks/base.BPik1OqN.js:168:65
    at Traces.$ (file:///Users/svenvanlaar/Documents/GitHub/finfit/finfit-ui/node_modules/vitest/dist/chunks/traces.DT5aQ62U.js:142:27)
DOMException [AbortError]: The operation was aborted.
    at Fetch.onAsyncTaskManagerAbort (file:///Users/svenvanlaar/Documents/GitHub/finfit/finfit-ui/node_modules/happy-dom/lib/fetch/Fetch.js:546:23)
    at Object.<anonymous> (file:///Users/svenvanlaar/Documents/GitHub/finfit/finfit-ui/node_modules/happy-dom/lib/fetch/Fetch.js:416:101)
    at AsyncTaskManager.abortAll (file:///Users/svenvanlaar/Documents/GitHub/finfit/finfit-ui/node_modules/happy-dom/lib/async-task-manager/AsyncTaskManager.js:292:30)
    at AsyncTaskManager.abort (file:///Users/svenvanlaar/Documents/GitHub/finfit/finfit-ui/node_modules/happy-dom/lib/async-task-manager/AsyncTaskManager.js:52:21)
    at DetachedBrowserFrame.abort (file:///Users/svenvanlaar/Documents/GitHub/finfit/finfit-ui/node_modules/happy-dom/lib/browser/detached-browser/DetachedBrowserFrame.js:112:58)
    at DetachedWindowAPI.abort (file:///Users/svenvanlaar/Documents/GitHub/finfit/finfit-ui/node_modules/happy-dom/lib/window/DetachedWindowAPI.js:51:35)
    at teardownWindow (file:///Users/svenvanlaar/Documents/GitHub/finfit/finfit-ui/node_modules/vitest/dist/chunks/index.DC7d2Pf8.js:331:22)
    at Object.teardown (file:///Users/svenvanlaar/Documents/GitHub/finfit/finfit-ui/node_modules/vitest/dist/chunks/index.DC7d2Pf8.js:392:10)
    at file:///Users/svenvanlaar/Documents/GitHub/finfit/finfit-ui/node_modules/vitest/dist/chunks/base.BPik1OqN.js:168:65
    at Traces.$ (file:///Users/svenvanlaar/Documents/GitHub/finfit/finfit-ui/node_modules/vitest/dist/chunks/traces.DT5aQ62U.js:142:27)
DOMException [AbortError]: The operation was aborted.
    at Fetch.onAsyncTaskManagerAbort (file:///Users/svenvanlaar/Documents/GitHub/finfit/finfit-ui/node_modules/happy-dom/lib/fetch/Fetch.js:546:23)
    at Object.<anonymous> (file:///Users/svenvanlaar/Documents/GitHub/finfit/finfit-ui/node_modules/happy-dom/lib/fetch/Fetch.js:416:101)
    at AsyncTaskManager.abortAll (file:///Users/svenvanlaar/Documents/GitHub/finfit/finfit-ui/node_modules/happy-dom/lib/async-task-manager/AsyncTaskManager.js:292:30)
    at AsyncTaskManager.abort (file:///Users/svenvanlaar/Documents/GitHub/finfit/finfit-ui/node_modules/happy-dom/lib/async-task-manager/AsyncTaskManager.js:52:21)
    at DetachedBrowserFrame.abort (file:///Users/svenvanlaar/Documents/GitHub/finfit/finfit-ui/node_modules/happy-dom/lib/browser/detached-browser/DetachedBrowserFrame.js:112:58)
    at DetachedWindowAPI.abort (file:///Users/svenvanlaar/Documents/GitHub/finfit/finfit-ui/node_modules/happy-dom/lib/window/DetachedWindowAPI.js:51:35)
    at teardownWindow (file:///Users/svenvanlaar/Documents/GitHub/finfit/finfit-ui/node_modules/vitest/dist/chunks/index.DC7d2Pf8.js:331:22)
    at Object.teardown (file:///Users/svenvanlaar/Documents/GitHub/finfit/finfit-ui/node_modules/vitest/dist/chunks/index.DC7d2Pf8.js:392:10)
    at file:///Users/svenvanlaar/Documents/GitHub/finfit/finfit-ui/node_modules/vitest/dist/chunks/base.BPik1OqN.js:168:65
    at Traces.$ (file:///Users/svenvanlaar/Documents/GitHub/finfit/finfit-ui/node_modules/vitest/dist/chunks/traces.DT5aQ62U.js:142:27)
DOMException [AbortError]: The operation was aborted.
    at Fetch.onAsyncTaskManagerAbort (file:///Users/svenvanlaar/Documents/GitHub/finfit/finfit-ui/node_modules/happy-dom/lib/fetch/Fetch.js:546:23)
    at Object.<anonymous> (file:///Users/svenvanlaar/Documents/GitHub/finfit/finfit-ui/node_modules/happy-dom/lib/fetch/Fetch.js:416:101)
    at AsyncTaskManager.abortAll (file:///Users/svenvanlaar/Documents/GitHub/finfit/finfit-ui/node_modules/happy-dom/lib/async-task-manager/AsyncTaskManager.js:292:30)
    at AsyncTaskManager.abort (file:///Users/svenvanlaar/Documents/GitHub/finfit/finfit-ui/node_modules/happy-dom/lib/async-task-manager/AsyncTaskManager.js:52:21)
    at DetachedBrowserFrame.abort (file:///Users/svenvanlaar/Documents/GitHub/finfit/finfit-ui/node_modules/happy-dom/lib/browser/detached-browser/DetachedBrowserFrame.js:112:58)
    at DetachedWindowAPI.abort (file:///Users/svenvanlaar/Documents/GitHub/finfit/finfit-ui/node_modules/happy-dom/lib/window/DetachedWindowAPI.js:51:35)
    at teardownWindow (file:///Users/svenvanlaar/Documents/GitHub/finfit/finfit-ui/node_modules/vitest/dist/chunks/index.DC7d2Pf8.js:331:22)
    at Object.teardown (file:///Users/svenvanlaar/Documents/GitHub/finfit/finfit-ui/node_modules/vitest/dist/chunks/index.DC7d2Pf8.js:392:10)
    at file:///Users/svenvanlaar/Documents/GitHub/finfit/finfit-ui/node_modules/vitest/dist/chunks/base.BPik1OqN.js:168:65
    at Traces.$ (file:///Users/svenvanlaar/Documents/GitHub/finfit/finfit-ui/node_modules/vitest/dist/chunks/traces.DT5aQ62U.js:142:27)
DOMException [AbortError]: The operation was aborted.
    at Fetch.onAsyncTaskManagerAbort (file:///Users/svenvanlaar/Documents/GitHub/finfit/finfit-ui/node_modules/happy-dom/lib/fetch/Fetch.js:546:23)
    at Object.<anonymous> (file:///Users/svenvanlaar/Documents/GitHub/finfit/finfit-ui/node_modules/happy-dom/lib/fetch/Fetch.js:416:101)
    at AsyncTaskManager.abortAll (file:///Users/svenvanlaar/Documents/GitHub/finfit/finfit-ui/node_modules/happy-dom/lib/async-task-manager/AsyncTaskManager.js:292:30)
    at AsyncTaskManager.abort (file:///Users/svenvanlaar/Documents/GitHub/finfit/finfit-ui/node_modules/happy-dom/lib/async-task-manager/AsyncTaskManager.js:52:21)
    at DetachedBrowserFrame.abort (file:///Users/svenvanlaar/Documents/GitHub/finfit/finfit-ui/node_modules/happy-dom/lib/browser/detached-browser/DetachedBrowserFrame.js:112:58)
    at DetachedWindowAPI.abort (file:///Users/svenvanlaar/Documents/GitHub/finfit/finfit-ui/node_modules/happy-dom/lib/window/DetachedWindowAPI.js:51:35)
    at teardownWindow (file:///Users/svenvanlaar/Documents/GitHub/finfit/finfit-ui/node_modules/vitest/dist/chunks/index.DC7d2Pf8.js:331:22)
    at Object.teardown (file:///Users/svenvanlaar/Documents/GitHub/finfit/finfit-ui/node_modules/vitest/dist/chunks/index.DC7d2Pf8.js:392:10)
    at file:///Users/svenvanlaar/Documents/GitHub/finfit/finfit-ui/node_modules/vitest/dist/chunks/base.BPik1OqN.js:168:65
    at Traces.$ (file:///Users/svenvanlaar/Documents/GitHub/finfit/finfit-ui/node_modules/vitest/dist/chunks/traces.DT5aQ62U.js:142:27)
DOMException [AbortError]: The operation was aborted.
    at Fetch.onAsyncTaskManagerAbort (file:///Users/svenvanlaar/Documents/GitHub/finfit/finfit-ui/node_modules/happy-dom/lib/fetch/Fetch.js:546:23)
    at Object.<anonymous> (file:///Users/svenvanlaar/Documents/GitHub/finfit/finfit-ui/node_modules/happy-dom/lib/fetch/Fetch.js:416:101)
    at AsyncTaskManager.abortAll (file:///Users/svenvanlaar/Documents/GitHub/finfit/finfit-ui/node_modules/happy-dom/lib/async-task-manager/AsyncTaskManager.js:292:30)
    at AsyncTaskManager.abort (file:///Users/svenvanlaar/Documents/GitHub/finfit/finfit-ui/node_modules/happy-dom/lib/async-task-manager/AsyncTaskManager.js:52:21)
    at DetachedBrowserFrame.abort (file:///Users/svenvanlaar/Documents/GitHub/finfit/finfit-ui/node_modules/happy-dom/lib/browser/detached-browser/DetachedBrowserFrame.js:112:58)
    at DetachedWindowAPI.abort (file:///Users/svenvanlaar/Documents/GitHub/finfit/finfit-ui/node_modules/happy-dom/lib/window/DetachedWindowAPI.js:51:35)
    at teardownWindow (file:///Users/svenvanlaar/Documents/GitHub/finfit/finfit-ui/node_modules/vitest/dist/chunks/index.DC7d2Pf8.js:331:22)
    at Object.teardown (file:///Users/svenvanlaar/Documents/GitHub/finfit/finfit-ui/node_modules/vitest/dist/chunks/index.DC7d2Pf8.js:392:10)
    at file:///Users/svenvanlaar/Documents/GitHub/finfit/finfit-ui/node_modules/vitest/dist/chunks/base.BPik1OqN.js:168:65
    at Traces.$ (file:///Users/svenvanlaar/Documents/GitHub/finfit/finfit-ui/node_modules/vitest/dist/chunks/traces.DT5aQ62U.js:142:27)
DOMException [AbortError]: The operation was aborted.
    at Fetch.onAsyncTaskManagerAbort (file:///Users/svenvanlaar/Documents/GitHub/finfit/finfit-ui/node_modules/happy-dom/lib/fetch/Fetch.js:546:23)
    at Object.<anonymous> (file:///Users/svenvanlaar/Documents/GitHub/finfit/finfit-ui/node_modules/happy-dom/lib/fetch/Fetch.js:416:101)
    at AsyncTaskManager.abortAll (file:///Users/svenvanlaar/Documents/GitHub/finfit/finfit-ui/node_modules/happy-dom/lib/async-task-manager/AsyncTaskManager.js:292:30)
    at AsyncTaskManager.abort (file:///Users/svenvanlaar/Documents/GitHub/finfit/finfit-ui/node_modules/happy-dom/lib/async-task-manager/AsyncTaskManager.js:52:21)
    at DetachedBrowserFrame.abort (file:///Users/svenvanlaar/Documents/GitHub/finfit/finfit-ui/node_modules/happy-dom/lib/browser/detached-browser/DetachedBrowserFrame.js:112:58)
    at DetachedWindowAPI.abort (file:///Users/svenvanlaar/Documents/GitHub/finfit/finfit-ui/node_modules/happy-dom/lib/window/DetachedWindowAPI.js:51:35)
    at teardownWindow (file:///Users/svenvanlaar/Documents/GitHub/finfit/finfit-ui/node_modules/vitest/dist/chunks/index.DC7d2Pf8.js:331:22)
    at Object.teardown (file:///Users/svenvanlaar/Documents/GitHub/finfit/finfit-ui/node_modules/vitest/dist/chunks/index.DC7d2Pf8.js:392:10)
    at file:///Users/svenvanlaar/Documents/GitHub/finfit/finfit-ui/node_modules/vitest/dist/chunks/base.BPik1OqN.js:168:65
    at Traces.$ (file:///Users/svenvanlaar/Documents/GitHub/finfit/finfit-ui/node_modules/vitest/dist/chunks/traces.DT5aQ62U.js:142:27)
DOMException [AbortError]: The operation was aborted.
    at Fetch.onAsyncTaskManagerAbort (file:///Users/svenvanlaar/Documents/GitHub/finfit/finfit-ui/node_modules/happy-dom/lib/fetch/Fetch.js:546:23)
    at Object.<anonymous> (file:///Users/svenvanlaar/Documents/GitHub/finfit/finfit-ui/node_modules/happy-dom/lib/fetch/Fetch.js:416:101)
    at AsyncTaskManager.abortAll (file:///Users/svenvanlaar/Documents/GitHub/finfit/finfit-ui/node_modules/happy-dom/lib/async-task-manager/AsyncTaskManager.js:292:30)
    at AsyncTaskManager.abort (file:///Users/svenvanlaar/Documents/GitHub/finfit/finfit-ui/node_modules/happy-dom/lib/async-task-manager/AsyncTaskManager.js:52:21)
    at DetachedBrowserFrame.abort (file:///Users/svenvanlaar/Documents/GitHub/finfit/finfit-ui/node_modules/happy-dom/lib/browser/detached-browser/DetachedBrowserFrame.js:112:58)
    at DetachedWindowAPI.abort (file:///Users/svenvanlaar/Documents/GitHub/finfit/finfit-ui/node_modules/happy-dom/lib/window/DetachedWindowAPI.js:51:35)
    at teardownWindow (file:///Users/svenvanlaar/Documents/GitHub/finfit/finfit-ui/node_modules/vitest/dist/chunks/index.DC7d2Pf8.js:331:22)
    at Object.teardown (file:///Users/svenvanlaar/Documents/GitHub/finfit/finfit-ui/node_modules/vitest/dist/chunks/index.DC7d2Pf8.js:392:10)
    at file:///Users/svenvanlaar/Documents/GitHub/finfit/finfit-ui/node_modules/vitest/dist/chunks/base.BPik1OqN.js:168:65
    at Traces.$ (file:///Users/svenvanlaar/Documents/GitHub/finfit/finfit-ui/node_modules/vitest/dist/chunks/traces.DT5aQ62U.js:142:27)
DOMException [AbortError]: The operation was aborted.
    at Fetch.onAsyncTaskManagerAbort (file:///Users/svenvanlaar/Documents/GitHub/finfit/finfit-ui/node_modules/happy-dom/lib/fetch/Fetch.js:546:23)
    at Object.<anonymous> (file:///Users/svenvanlaar/Documents/GitHub/finfit/finfit-ui/node_modules/happy-dom/lib/fetch/Fetch.js:416:101)
    at AsyncTaskManager.abortAll (file:///Users/svenvanlaar/Documents/GitHub/finfit/finfit-ui/node_modules/happy-dom/lib/async-task-manager/AsyncTaskManager.js:292:30)
    at AsyncTaskManager.abort (file:///Users/svenvanlaar/Documents/GitHub/finfit/finfit-ui/node_modules/happy-dom/lib/async-task-manager/AsyncTaskManager.js:52:21)
    at DetachedBrowserFrame.abort (file:///Users/svenvanlaar/Documents/GitHub/finfit/finfit-ui/node_modules/happy-dom/lib/browser/detached-browser/DetachedBrowserFrame.js:112:58)
    at DetachedWindowAPI.abort (file:///Users/svenvanlaar/Documents/GitHub/finfit/finfit-ui/node_modules/happy-dom/lib/window/DetachedWindowAPI.js:51:35)
    at teardownWindow (file:///Users/svenvanlaar/Documents/GitHub/finfit/finfit-ui/node_modules/vitest/dist/chunks/index.DC7d2Pf8.js:331:22)
    at Object.teardown (file:///Users/svenvanlaar/Documents/GitHub/finfit/finfit-ui/node_modules/vitest/dist/chunks/index.DC7d2Pf8.js:392:10)
    at file:///Users/svenvanlaar/Documents/GitHub/finfit/finfit-ui/node_modules/vitest/dist/chunks/base.BPik1OqN.js:168:65
    at Traces.$ (file:///Users/svenvanlaar/Documents/GitHub/finfit/finfit-ui/node_modules/vitest/dist/chunks/traces.DT5aQ62U.js:142:27)
DOMException [AbortError]: The operation was aborted.
    at Fetch.onAsyncTaskManagerAbort (file:///Users/svenvanlaar/Documents/GitHub/finfit/finfit-ui/node_modules/happy-dom/lib/fetch/Fetch.js:546:23)
    at Object.<anonymous> (file:///Users/svenvanlaar/Documents/GitHub/finfit/finfit-ui/node_modules/happy-dom/lib/fetch/Fetch.js:416:101)
    at AsyncTaskManager.abortAll (file:///Users/svenvanlaar/Documents/GitHub/finfit/finfit-ui/node_modules/happy-dom/lib/async-task-manager/AsyncTaskManager.js:292:30)
    at AsyncTaskManager.abort (file:///Users/svenvanlaar/Documents/GitHub/finfit/finfit-ui/node_modules/happy-dom/lib/async-task-manager/AsyncTaskManager.js:52:21)
    at DetachedBrowserFrame.abort (file:///Users/svenvanlaar/Documents/GitHub/finfit/finfit-ui/node_modules/happy-dom/lib/browser/detached-browser/DetachedBrowserFrame.js:112:58)
    at DetachedWindowAPI.abort (file:///Users/svenvanlaar/Documents/GitHub/finfit/finfit-ui/node_modules/happy-dom/lib/window/DetachedWindowAPI.js:51:35)
    at teardownWindow (file:///Users/svenvanlaar/Documents/GitHub/finfit/finfit-ui/node_modules/vitest/dist/chunks/index.DC7d2Pf8.js:331:22)
    at Object.teardown (file:///Users/svenvanlaar/Documents/GitHub/finfit/finfit-ui/node_modules/vitest/dist/chunks/index.DC7d2Pf8.js:392:10)
    at file:///Users/svenvanlaar/Documents/GitHub/finfit/finfit-ui/node_modules/vitest/dist/chunks/base.BPik1OqN.js:168:65
    at Traces.$ (file:///Users/svenvanlaar/Documents/GitHub/finfit/finfit-ui/node_modules/vitest/dist/chunks/traces.DT5aQ62U.js:142:27)
DOMException [AbortError]: The operation was aborted.
    at Fetch.onAsyncTaskManagerAbort (file:///Users/svenvanlaar/Documents/GitHub/finfit/finfit-ui/node_modules/happy-dom/lib/fetch/Fetch.js:546:23)
    at Object.<anonymous> (file:///Users/svenvanlaar/Documents/GitHub/finfit/finfit-ui/node_modules/happy-dom/lib/fetch/Fetch.js:416:101)
    at AsyncTaskManager.abortAll (file:///Users/svenvanlaar/Documents/GitHub/finfit/finfit-ui/node_modules/happy-dom/lib/async-task-manager/AsyncTaskManager.js:292:30)
    at AsyncTaskManager.abort (file:///Users/svenvanlaar/Documents/GitHub/finfit/finfit-ui/node_modules/happy-dom/lib/async-task-manager/AsyncTaskManager.js:52:21)
    at DetachedBrowserFrame.abort (file:///Users/svenvanlaar/Documents/GitHub/finfit/finfit-ui/node_modules/happy-dom/lib/browser/detached-browser/DetachedBrowserFrame.js:112:58)
    at DetachedWindowAPI.abort (file:///Users/svenvanlaar/Documents/GitHub/finfit/finfit-ui/node_modules/happy-dom/lib/window/DetachedWindowAPI.js:51:35)
    at teardownWindow (file:///Users/svenvanlaar/Documents/GitHub/finfit/finfit-ui/node_modules/vitest/dist/chunks/index.DC7d2Pf8.js:331:22)
    at Object.teardown (file:///Users/svenvanlaar/Documents/GitHub/finfit/finfit-ui/node_modules/vitest/dist/chunks/index.DC7d2Pf8.js:392:10)
    at file:///Users/svenvanlaar/Documents/GitHub/finfit/finfit-ui/node_modules/vitest/dist/chunks/base.BPik1OqN.js:168:65
    at Traces.$ (file:///Users/svenvanlaar/Documents/GitHub/finfit/finfit-ui/node_modules/vitest/dist/chunks/traces.DT5aQ62U.js:142:27)
DOMException [AbortError]: The operation was aborted.
    at Fetch.onAsyncTaskManagerAbort (file:///Users/svenvanlaar/Documents/GitHub/finfit/finfit-ui/node_modules/happy-dom/lib/fetch/Fetch.js:546:23)
    at Object.<anonymous> (file:///Users/svenvanlaar/Documents/GitHub/finfit/finfit-ui/node_modules/happy-dom/lib/fetch/Fetch.js:416:101)
    at AsyncTaskManager.abortAll (file:///Users/svenvanlaar/Documents/GitHub/finfit/finfit-ui/node_modules/happy-dom/lib/async-task-manager/AsyncTaskManager.js:292:30)
    at AsyncTaskManager.abort (file:///Users/svenvanlaar/Documents/GitHub/finfit/finfit-ui/node_modules/happy-dom/lib/async-task-manager/AsyncTaskManager.js:52:21)
    at DetachedBrowserFrame.abort (file:///Users/svenvanlaar/Documents/GitHub/finfit/finfit-ui/node_modules/happy-dom/lib/browser/detached-browser/DetachedBrowserFrame.js:112:58)
    at DetachedWindowAPI.abort (file:///Users/svenvanlaar/Documents/GitHub/finfit/finfit-ui/node_modules/happy-dom/lib/window/DetachedWindowAPI.js:51:35)
    at teardownWindow (file:///Users/svenvanlaar/Documents/GitHub/finfit/finfit-ui/node_modules/vitest/dist/chunks/index.DC7d2Pf8.js:331:22)
    at Object.teardown (file:///Users/svenvanlaar/Documents/GitHub/finfit/finfit-ui/node_modules/vitest/dist/chunks/index.DC7d2Pf8.js:392:10)
    at file:///Users/svenvanlaar/Documents/GitHub/finfit/finfit-ui/node_modules/vitest/dist/chunks/base.BPik1OqN.js:168:65
    at Traces.$ (file:///Users/svenvanlaar/Documents/GitHub/finfit/finfit-ui/node_modules/vitest/dist/chunks/traces.DT5aQ62U.js:142:27)
DOMException [AbortError]: The operation was aborted.
    at Fetch.onAsyncTaskManagerAbort (file:///Users/svenvanlaar/Documents/GitHub/finfit/finfit-ui/node_modules/happy-dom/lib/fetch/Fetch.js:546:23)
    at Object.<anonymous> (file:///Users/svenvanlaar/Documents/GitHub/finfit/finfit-ui/node_modules/happy-dom/lib/fetch/Fetch.js:416:101)
    at AsyncTaskManager.abortAll (file:///Users/svenvanlaar/Documents/GitHub/finfit/finfit-ui/node_modules/happy-dom/lib/async-task-manager/AsyncTaskManager.js:292:30)
    at AsyncTaskManager.abort (file:///Users/svenvanlaar/Documents/GitHub/finfit/finfit-ui/node_modules/happy-dom/lib/async-task-manager/AsyncTaskManager.js:52:21)
    at DetachedBrowserFrame.abort (file:///Users/svenvanlaar/Documents/GitHub/finfit/finfit-ui/node_modules/happy-dom/lib/browser/detached-browser/DetachedBrowserFrame.js:112:58)
    at DetachedWindowAPI.abort (file:///Users/svenvanlaar/Documents/GitHub/finfit/finfit-ui/node_modules/happy-dom/lib/window/DetachedWindowAPI.js:51:35)
    at teardownWindow (file:///Users/svenvanlaar/Documents/GitHub/finfit/finfit-ui/node_modules/vitest/dist/chunks/index.DC7d2Pf8.js:331:22)
    at Object.teardown (file:///Users/svenvanlaar/Documents/GitHub/finfit/finfit-ui/node_modules/vitest/dist/chunks/index.DC7d2Pf8.js:392:10)
    at file:///Users/svenvanlaar/Documents/GitHub/finfit/finfit-ui/node_modules/vitest/dist/chunks/base.BPik1OqN.js:168:65
    at Traces.$ (file:///Users/svenvanlaar/Documents/GitHub/finfit/finfit-ui/node_modules/vitest/dist/chunks/traces.DT5aQ62U.js:142:27)
DOMException [AbortError]: The operation was aborted.
    at Fetch.onAsyncTaskManagerAbort (file:///Users/svenvanlaar/Documents/GitHub/finfit/finfit-ui/node_modules/happy-dom/lib/fetch/Fetch.js:546:23)
    at Object.<anonymous> (file:///Users/svenvanlaar/Documents/GitHub/finfit/finfit-ui/node_modules/happy-dom/lib/fetch/Fetch.js:416:101)
    at AsyncTaskManager.abortAll (file:///Users/svenvanlaar/Documents/GitHub/finfit/finfit-ui/node_modules/happy-dom/lib/async-task-manager/AsyncTaskManager.js:292:30)
    at AsyncTaskManager.abort (file:///Users/svenvanlaar/Documents/GitHub/finfit/finfit-ui/node_modules/happy-dom/lib/async-task-manager/AsyncTaskManager.js:52:21)
    at DetachedBrowserFrame.abort (file:///Users/svenvanlaar/Documents/GitHub/finfit/finfit-ui/node_modules/happy-dom/lib/browser/detached-browser/DetachedBrowserFrame.js:112:58)
    at DetachedWindowAPI.abort (file:///Users/svenvanlaar/Documents/GitHub/finfit/finfit-ui/node_modules/happy-dom/lib/window/DetachedWindowAPI.js:51:35)
    at teardownWindow (file:///Users/svenvanlaar/Documents/GitHub/finfit/finfit-ui/node_modules/vitest/dist/chunks/index.DC7d2Pf8.js:331:22)
    at Object.teardown (file:///Users/svenvanlaar/Documents/GitHub/finfit/finfit-ui/node_modules/vitest/dist/chunks/index.DC7d2Pf8.js:392:10)
    at file:///Users/svenvanlaar/Documents/GitHub/finfit/finfit-ui/node_modules/vitest/dist/chunks/base.BPik1OqN.js:168:65
    at Traces.$ (file:///Users/svenvanlaar/Documents/GitHub/finfit/finfit-ui/node_modules/vitest/dist/chunks/traces.DT5aQ62U.js:142:27)
DOMException [AbortError]: The operation was aborted.
    at Fetch.onAsyncTaskManagerAbort (file:///Users/svenvanlaar/Documents/GitHub/finfit/finfit-ui/node_modules/happy-dom/lib/fetch/Fetch.js:546:23)
    at Object.<anonymous> (file:///Users/svenvanlaar/Documents/GitHub/finfit/finfit-ui/node_modules/happy-dom/lib/fetch/Fetch.js:416:101)
    at AsyncTaskManager.abortAll (file:///Users/svenvanlaar/Documents/GitHub/finfit/finfit-ui/node_modules/happy-dom/lib/async-task-manager/AsyncTaskManager.js:292:30)
    at AsyncTaskManager.abort (file:///Users/svenvanlaar/Documents/GitHub/finfit/finfit-ui/node_modules/happy-dom/lib/async-task-manager/AsyncTaskManager.js:52:21)
    at DetachedBrowserFrame.abort (file:///Users/svenvanlaar/Documents/GitHub/finfit/finfit-ui/node_modules/happy-dom/lib/browser/detached-browser/DetachedBrowserFrame.js:112:58)
    at DetachedWindowAPI.abort (file:///Users/svenvanlaar/Documents/GitHub/finfit/finfit-ui/node_modules/happy-dom/lib/window/DetachedWindowAPI.js:51:35)
    at teardownWindow (file:///Users/svenvanlaar/Documents/GitHub/finfit/finfit-ui/node_modules/vitest/dist/chunks/index.DC7d2Pf8.js:331:22)
    at Object.teardown (file:///Users/svenvanlaar/Documents/GitHub/finfit/finfit-ui/node_modules/vitest/dist/chunks/index.DC7d2Pf8.js:392:10)
    at file:///Users/svenvanlaar/Documents/GitHub/finfit/finfit-ui/node_modules/vitest/dist/chunks/base.BPik1OqN.js:168:65
    at Traces.$ (file:///Users/svenvanlaar/Documents/GitHub/finfit/finfit-ui/node_modules/vitest/dist/chunks/traces.DT5aQ62U.js:142:27)
DOMException [AbortError]: The operation was aborted.
    at Fetch.onAsyncTaskManagerAbort (file:///Users/svenvanlaar/Documents/GitHub/finfit/finfit-ui/node_modules/happy-dom/lib/fetch/Fetch.js:546:23)
    at Object.<anonymous> (file:///Users/svenvanlaar/Documents/GitHub/finfit/finfit-ui/node_modules/happy-dom/lib/fetch/Fetch.js:416:101)
    at AsyncTaskManager.abortAll (file:///Users/svenvanlaar/Documents/GitHub/finfit/finfit-ui/node_modules/happy-dom/lib/async-task-manager/AsyncTaskManager.js:292:30)
    at AsyncTaskManager.abort (file:///Users/svenvanlaar/Documents/GitHub/finfit/finfit-ui/node_modules/happy-dom/lib/async-task-manager/AsyncTaskManager.js:52:21)
    at DetachedBrowserFrame.abort (file:///Users/svenvanlaar/Documents/GitHub/finfit/finfit-ui/node_modules/happy-dom/lib/browser/detached-browser/DetachedBrowserFrame.js:112:58)
    at DetachedWindowAPI.abort (file:///Users/svenvanlaar/Documents/GitHub/finfit/finfit-ui/node_modules/happy-dom/lib/window/DetachedWindowAPI.js:51:35)
    at teardownWindow (file:///Users/svenvanlaar/Documents/GitHub/finfit/finfit-ui/node_modules/vitest/dist/chunks/index.DC7d2Pf8.js:331:22)
    at Object.teardown (file:///Users/svenvanlaar/Documents/GitHub/finfit/finfit-ui/node_modules/vitest/dist/chunks/index.DC7d2Pf8.js:392:10)
    at file:///Users/svenvanlaar/Documents/GitHub/finfit/finfit-ui/node_modules/vitest/dist/chunks/base.BPik1OqN.js:168:65
    at Traces.$ (file:///Users/svenvanlaar/Documents/GitHub/finfit/finfit-ui/node_modules/vitest/dist/chunks/traces.DT5aQ62U.js:142:27)
DOMException [AbortError]: The operation was aborted.
    at Fetch.onAsyncTaskManagerAbort (file:///Users/svenvanlaar/Documents/GitHub/finfit/finfit-ui/node_modules/happy-dom/lib/fetch/Fetch.js:546:23)
    at Object.<anonymous> (file:///Users/svenvanlaar/Documents/GitHub/finfit/finfit-ui/node_modules/happy-dom/lib/fetch/Fetch.js:416:101)
    at AsyncTaskManager.abortAll (file:///Users/svenvanlaar/Documents/GitHub/finfit/finfit-ui/node_modules/happy-dom/lib/async-task-manager/AsyncTaskManager.js:292:30)
    at AsyncTaskManager.abort (file:///Users/svenvanlaar/Documents/GitHub/finfit/finfit-ui/node_modules/happy-dom/lib/async-task-manager/AsyncTaskManager.js:52:21)
    at DetachedBrowserFrame.abort (file:///Users/svenvanlaar/Documents/GitHub/finfit/finfit-ui/node_modules/happy-dom/lib/browser/detached-browser/DetachedBrowserFrame.js:112:58)
    at DetachedWindowAPI.abort (file:///Users/svenvanlaar/Documents/GitHub/finfit/finfit-ui/node_modules/happy-dom/lib/window/DetachedWindowAPI.js:51:35)
    at teardownWindow (file:///Users/svenvanlaar/Documents/GitHub/finfit/finfit-ui/node_modules/vitest/dist/chunks/index.DC7d2Pf8.js:331:22)
    at Object.teardown (file:///Users/svenvanlaar/Documents/GitHub/finfit/finfit-ui/node_modules/vitest/dist/chunks/index.DC7d2Pf8.js:392:10)
    at file:///Users/svenvanlaar/Documents/GitHub/finfit/finfit-ui/node_modules/vitest/dist/chunks/base.BPik1OqN.js:168:65
    at Traces.$ (file:///Users/svenvanlaar/Documents/GitHub/finfit/finfit-ui/node_modules/vitest/dist/chunks/traces.DT5aQ62U.js:142:27)
DOMException [AbortError]: The operation was aborted.
    at Fetch.onAsyncTaskManagerAbort (file:///Users/svenvanlaar/Documents/GitHub/finfit/finfit-ui/node_modules/happy-dom/lib/fetch/Fetch.js:546:23)
    at Object.<anonymous> (file:///Users/svenvanlaar/Documents/GitHub/finfit/finfit-ui/node_modules/happy-dom/lib/fetch/Fetch.js:416:101)
    at AsyncTaskManager.abortAll (file:///Users/svenvanlaar/Documents/GitHub/finfit/finfit-ui/node_modules/happy-dom/lib/async-task-manager/AsyncTaskManager.js:292:30)
    at AsyncTaskManager.abort (file:///Users/svenvanlaar/Documents/GitHub/finfit/finfit-ui/node_modules/happy-dom/lib/async-task-manager/AsyncTaskManager.js:52:21)
    at DetachedBrowserFrame.abort (file:///Users/svenvanlaar/Documents/GitHub/finfit/finfit-ui/node_modules/happy-dom/lib/browser/detached-browser/DetachedBrowserFrame.js:112:58)
    at DetachedWindowAPI.abort (file:///Users/svenvanlaar/Documents/GitHub/finfit/finfit-ui/node_modules/happy-dom/lib/window/DetachedWindowAPI.js:51:35)
    at teardownWindow (file:///Users/svenvanlaar/Documents/GitHub/finfit/finfit-ui/node_modules/vitest/dist/chunks/index.DC7d2Pf8.js:331:22)
    at Object.teardown (file:///Users/svenvanlaar/Documents/GitHub/finfit/finfit-ui/node_modules/vitest/dist/chunks/index.DC7d2Pf8.js:392:10)
    at file:///Users/svenvanlaar/Documents/GitHub/finfit/finfit-ui/node_modules/vitest/dist/chunks/base.BPik1OqN.js:168:65
    at Traces.$ (file:///Users/svenvanlaar/Documents/GitHub/finfit/finfit-ui/node_modules/vitest/dist/chunks/traces.DT5aQ62U.js:142:27)
DOMException [AbortError]: The operation was aborted.
    at Fetch.onAsyncTaskManagerAbort (file:///Users/svenvanlaar/Documents/GitHub/finfit/finfit-ui/node_modules/happy-dom/lib/fetch/Fetch.js:546:23)
    at Object.<anonymous> (file:///Users/svenvanlaar/Documents/GitHub/finfit/finfit-ui/node_modules/happy-dom/lib/fetch/Fetch.js:416:101)
    at AsyncTaskManager.abortAll (file:///Users/svenvanlaar/Documents/GitHub/finfit/finfit-ui/node_modules/happy-dom/lib/async-task-manager/AsyncTaskManager.js:292:30)
    at AsyncTaskManager.abort (file:///Users/svenvanlaar/Documents/GitHub/finfit/finfit-ui/node_modules/happy-dom/lib/async-task-manager/AsyncTaskManager.js:52:21)
    at DetachedBrowserFrame.abort (file:///Users/svenvanlaar/Documents/GitHub/finfit/finfit-ui/node_modules/happy-dom/lib/browser/detached-browser/DetachedBrowserFrame.js:112:58)
    at DetachedWindowAPI.abort (file:///Users/svenvanlaar/Documents/GitHub/finfit/finfit-ui/node_modules/happy-dom/lib/window/DetachedWindowAPI.js:51:35)
    at teardownWindow (file:///Users/svenvanlaar/Documents/GitHub/finfit/finfit-ui/node_modules/vitest/dist/chunks/index.DC7d2Pf8.js:331:22)
    at Object.teardown (file:///Users/svenvanlaar/Documents/GitHub/finfit/finfit-ui/node_modules/vitest/dist/chunks/index.DC7d2Pf8.js:392:10)
    at file:///Users/svenvanlaar/Documents/GitHub/finfit/finfit-ui/node_modules/vitest/dist/chunks/base.BPik1OqN.js:168:65
    at Traces.$ (file:///Users/svenvanlaar/Documents/GitHub/finfit/finfit-ui/node_modules/vitest/dist/chunks/traces.DT5aQ62U.js:142:27)
DOMException [AbortError]: The operation was aborted.
    at Fetch.onAsyncTaskManagerAbort (file:///Users/svenvanlaar/Documents/GitHub/finfit/finfit-ui/node_modules/happy-dom/lib/fetch/Fetch.js:546:23)
    at Object.<anonymous> (file:///Users/svenvanlaar/Documents/GitHub/finfit/finfit-ui/node_modules/happy-dom/lib/fetch/Fetch.js:416:101)
    at AsyncTaskManager.abortAll (file:///Users/svenvanlaar/Documents/GitHub/finfit/finfit-ui/node_modules/happy-dom/lib/async-task-manager/AsyncTaskManager.js:292:30)
    at AsyncTaskManager.abort (file:///Users/svenvanlaar/Documents/GitHub/finfit/finfit-ui/node_modules/happy-dom/lib/async-task-manager/AsyncTaskManager.js:52:21)
    at DetachedBrowserFrame.abort (file:///Users/svenvanlaar/Documents/GitHub/finfit/finfit-ui/node_modules/happy-dom/lib/browser/detached-browser/DetachedBrowserFrame.js:112:58)
    at DetachedWindowAPI.abort (file:///Users/svenvanlaar/Documents/GitHub/finfit/finfit-ui/node_modules/happy-dom/lib/window/DetachedWindowAPI.js:51:35)
    at teardownWindow (file:///Users/svenvanlaar/Documents/GitHub/finfit/finfit-ui/node_modules/vitest/dist/chunks/index.DC7d2Pf8.js:331:22)
    at Object.teardown (file:///Users/svenvanlaar/Documents/GitHub/finfit/finfit-ui/node_modules/vitest/dist/chunks/index.DC7d2Pf8.js:392:10)
    at file:///Users/svenvanlaar/Documents/GitHub/finfit/finfit-ui/node_modules/vitest/dist/chunks/base.BPik1OqN.js:168:65
    at Traces.$ (file:///Users/svenvanlaar/Documents/GitHub/finfit/finfit-ui/node_modules/vitest/dist/chunks/traces.DT5aQ62U.js:142:27)
DOMException [AbortError]: The operation was aborted.
    at Fetch.onAsyncTaskManagerAbort (file:///Users/svenvanlaar/Documents/GitHub/finfit/finfit-ui/node_modules/happy-dom/lib/fetch/Fetch.js:546:23)
    at Object.<anonymous> (file:///Users/svenvanlaar/Documents/GitHub/finfit/finfit-ui/node_modules/happy-dom/lib/fetch/Fetch.js:416:101)
    at AsyncTaskManager.abortAll (file:///Users/svenvanlaar/Documents/GitHub/finfit/finfit-ui/node_modules/happy-dom/lib/async-task-manager/AsyncTaskManager.js:292:30)
    at AsyncTaskManager.abort (file:///Users/svenvanlaar/Documents/GitHub/finfit/finfit-ui/node_modules/happy-dom/lib/async-task-manager/AsyncTaskManager.js:52:21)
    at DetachedBrowserFrame.abort (file:///Users/svenvanlaar/Documents/GitHub/finfit/finfit-ui/node_modules/happy-dom/lib/browser/detached-browser/DetachedBrowserFrame.js:112:58)
    at DetachedWindowAPI.abort (file:///Users/svenvanlaar/Documents/GitHub/finfit/finfit-ui/node_modules/happy-dom/lib/window/DetachedWindowAPI.js:51:35)
    at teardownWindow (file:///Users/svenvanlaar/Documents/GitHub/finfit/finfit-ui/node_modules/vitest/dist/chunks/index.DC7d2Pf8.js:331:22)
    at Object.teardown (file:///Users/svenvanlaar/Documents/GitHub/finfit/finfit-ui/node_modules/vitest/dist/chunks/index.DC7d2Pf8.js:392:10)
    at file:///Users/svenvanlaar/Documents/GitHub/finfit/finfit-ui/node_modules/vitest/dist/chunks/base.BPik1OqN.js:168:65
    at Traces.$ (file:///Users/svenvanlaar/Documents/GitHub/finfit/finfit-ui/node_modules/vitest/dist/chunks/traces.DT5aQ62U.js:142:27)
DOMException [AbortError]: The operation was aborted.
    at Fetch.onAsyncTaskManagerAbort (file:///Users/svenvanlaar/Documents/GitHub/finfit/finfit-ui/node_modules/happy-dom/lib/fetch/Fetch.js:546:23)
    at Object.<anonymous> (file:///Users/svenvanlaar/Documents/GitHub/finfit/finfit-ui/node_modules/happy-dom/lib/fetch/Fetch.js:416:101)
    at AsyncTaskManager.abortAll (file:///Users/svenvanlaar/Documents/GitHub/finfit/finfit-ui/node_modules/happy-dom/lib/async-task-manager/AsyncTaskManager.js:292:30)
    at AsyncTaskManager.abort (file:///Users/svenvanlaar/Documents/GitHub/finfit/finfit-ui/node_modules/happy-dom/lib/async-task-manager/AsyncTaskManager.js:52:21)
    at DetachedBrowserFrame.abort (file:///Users/svenvanlaar/Documents/GitHub/finfit/finfit-ui/node_modules/happy-dom/lib/browser/detached-browser/DetachedBrowserFrame.js:112:58)
    at DetachedWindowAPI.abort (file:///Users/svenvanlaar/Documents/GitHub/finfit/finfit-ui/node_modules/happy-dom/lib/window/DetachedWindowAPI.js:51:35)
    at teardownWindow (file:///Users/svenvanlaar/Documents/GitHub/finfit/finfit-ui/node_modules/vitest/dist/chunks/index.DC7d2Pf8.js:331:22)
    at Object.teardown (file:///Users/svenvanlaar/Documents/GitHub/finfit/finfit-ui/node_modules/vitest/dist/chunks/index.DC7d2Pf8.js:392:10)
    at file:///Users/svenvanlaar/Documents/GitHub/finfit/finfit-ui/node_modules/vitest/dist/chunks/base.BPik1OqN.js:168:65
    at Traces.$ (file:///Users/svenvanlaar/Documents/GitHub/finfit/finfit-ui/node_modules/vitest/dist/chunks/traces.DT5aQ62U.js:142:27)
DOMException [AbortError]: The operation was aborted.
    at Fetch.onAsyncTaskManagerAbort (file:///Users/svenvanlaar/Documents/GitHub/finfit/finfit-ui/node_modules/happy-dom/lib/fetch/Fetch.js:546:23)
    at Object.<anonymous> (file:///Users/svenvanlaar/Documents/GitHub/finfit/finfit-ui/node_modules/happy-dom/lib/fetch/Fetch.js:416:101)
    at AsyncTaskManager.abortAll (file:///Users/svenvanlaar/Documents/GitHub/finfit/finfit-ui/node_modules/happy-dom/lib/async-task-manager/AsyncTaskManager.js:292:30)
    at AsyncTaskManager.abort (file:///Users/svenvanlaar/Documents/GitHub/finfit/finfit-ui/node_modules/happy-dom/lib/async-task-manager/AsyncTaskManager.js:52:21)
    at DetachedBrowserFrame.abort (file:///Users/svenvanlaar/Documents/GitHub/finfit/finfit-ui/node_modules/happy-dom/lib/browser/detached-browser/DetachedBrowserFrame.js:112:58)
    at DetachedWindowAPI.abort (file:///Users/svenvanlaar/Documents/GitHub/finfit/finfit-ui/node_modules/happy-dom/lib/window/DetachedWindowAPI.js:51:35)
    at teardownWindow (file:///Users/svenvanlaar/Documents/GitHub/finfit/finfit-ui/node_modules/vitest/dist/chunks/index.DC7d2Pf8.js:331:22)
    at Object.teardown (file:///Users/svenvanlaar/Documents/GitHub/finfit/finfit-ui/node_modules/vitest/dist/chunks/index.DC7d2Pf8.js:392:10)
    at file:///Users/svenvanlaar/Documents/GitHub/finfit/finfit-ui/node_modules/vitest/dist/chunks/base.BPik1OqN.js:168:65
    at Traces.$ (file:///Users/svenvanlaar/Documents/GitHub/finfit/finfit-ui/node_modules/vitest/dist/chunks/traces.DT5aQ62U.js:142:27)
DOMException [AbortError]: The operation was aborted.
    at Fetch.onAsyncTaskManagerAbort (file:///Users/svenvanlaar/Documents/GitHub/finfit/finfit-ui/node_modules/happy-dom/lib/fetch/Fetch.js:546:23)
    at Object.<anonymous> (file:///Users/svenvanlaar/Documents/GitHub/finfit/finfit-ui/node_modules/happy-dom/lib/fetch/Fetch.js:416:101)
    at AsyncTaskManager.abortAll (file:///Users/svenvanlaar/Documents/GitHub/finfit/finfit-ui/node_modules/happy-dom/lib/async-task-manager/AsyncTaskManager.js:292:30)
    at AsyncTaskManager.abort (file:///Users/svenvanlaar/Documents/GitHub/finfit/finfit-ui/node_modules/happy-dom/lib/async-task-manager/AsyncTaskManager.js:52:21)
    at DetachedBrowserFrame.abort (file:///Users/svenvanlaar/Documents/GitHub/finfit/finfit-ui/node_modules/happy-dom/lib/browser/detached-browser/DetachedBrowserFrame.js:112:58)
    at DetachedWindowAPI.abort (file:///Users/svenvanlaar/Documents/GitHub/finfit/finfit-ui/node_modules/happy-dom/lib/window/DetachedWindowAPI.js:51:35)
    at teardownWindow (file:///Users/svenvanlaar/Documents/GitHub/finfit/finfit-ui/node_modules/vitest/dist/chunks/index.DC7d2Pf8.js:331:22)
    at Object.teardown (file:///Users/svenvanlaar/Documents/GitHub/finfit/finfit-ui/node_modules/vitest/dist/chunks/index.DC7d2Pf8.js:392:10)
    at file:///Users/svenvanlaar/Documents/GitHub/finfit/finfit-ui/node_modules/vitest/dist/chunks/base.BPik1OqN.js:168:65
    at Traces.$ (file:///Users/svenvanlaar/Documents/GitHub/finfit/finfit-ui/node_modules/vitest/dist/chunks/traces.DT5aQ62U.js:142:27)
DOMException [AbortError]: The operation was aborted.
    at Fetch.onAsyncTaskManagerAbort (file:///Users/svenvanlaar/Documents/GitHub/finfit/finfit-ui/node_modules/happy-dom/lib/fetch/Fetch.js:546:23)
    at Object.<anonymous> (file:///Users/svenvanlaar/Documents/GitHub/finfit/finfit-ui/node_modules/happy-dom/lib/fetch/Fetch.js:416:101)
    at AsyncTaskManager.abortAll (file:///Users/svenvanlaar/Documents/GitHub/finfit/finfit-ui/node_modules/happy-dom/lib/async-task-manager/AsyncTaskManager.js:292:30)
    at AsyncTaskManager.abort (file:///Users/svenvanlaar/Documents/GitHub/finfit/finfit-ui/node_modules/happy-dom/lib/async-task-manager/AsyncTaskManager.js:52:21)
    at DetachedBrowserFrame.abort (file:///Users/svenvanlaar/Documents/GitHub/finfit/finfit-ui/node_modules/happy-dom/lib/browser/detached-browser/DetachedBrowserFrame.js:112:58)
    at DetachedWindowAPI.abort (file:///Users/svenvanlaar/Documents/GitHub/finfit/finfit-ui/node_modules/happy-dom/lib/window/DetachedWindowAPI.js:51:35)
    at teardownWindow (file:///Users/svenvanlaar/Documents/GitHub/finfit/finfit-ui/node_modules/vitest/dist/chunks/index.DC7d2Pf8.js:331:22)
    at Object.teardown (file:///Users/svenvanlaar/Documents/GitHub/finfit/finfit-ui/node_modules/vitest/dist/chunks/index.DC7d2Pf8.js:392:10)
    at file:///Users/svenvanlaar/Documents/GitHub/finfit/finfit-ui/node_modules/vitest/dist/chunks/base.BPik1OqN.js:168:65
    at Traces.$ (file:///Users/svenvanlaar/Documents/GitHub/finfit/finfit-ui/node_modules/vitest/dist/chunks/traces.DT5aQ62U.js:142:27)
DOMException [AbortError]: The operation was aborted.
    at Fetch.onAsyncTaskManagerAbort (file:///Users/svenvanlaar/Documents/GitHub/finfit/finfit-ui/node_modules/happy-dom/lib/fetch/Fetch.js:546:23)
    at Object.<anonymous> (file:///Users/svenvanlaar/Documents/GitHub/finfit/finfit-ui/node_modules/happy-dom/lib/fetch/Fetch.js:416:101)
    at AsyncTaskManager.abortAll (file:///Users/svenvanlaar/Documents/GitHub/finfit/finfit-ui/node_modules/happy-dom/lib/async-task-manager/AsyncTaskManager.js:292:30)
    at AsyncTaskManager.abort (file:///Users/svenvanlaar/Documents/GitHub/finfit/finfit-ui/node_modules/happy-dom/lib/async-task-manager/AsyncTaskManager.js:52:21)
    at DetachedBrowserFrame.abort (file:///Users/svenvanlaar/Documents/GitHub/finfit/finfit-ui/node_modules/happy-dom/lib/browser/detached-browser/DetachedBrowserFrame.js:112:58)
    at DetachedWindowAPI.abort (file:///Users/svenvanlaar/Documents/GitHub/finfit/finfit-ui/node_modules/happy-dom/lib/window/DetachedWindowAPI.js:51:35)
    at teardownWindow (file:///Users/svenvanlaar/Documents/GitHub/finfit/finfit-ui/node_modules/vitest/dist/chunks/index.DC7d2Pf8.js:331:22)
    at Object.teardown (file:///Users/svenvanlaar/Documents/GitHub/finfit/finfit-ui/node_modules/vitest/dist/chunks/index.DC7d2Pf8.js:392:10)
    at file:///Users/svenvanlaar/Documents/GitHub/finfit/finfit-ui/node_modules/vitest/dist/chunks/base.BPik1OqN.js:168:65
    at Traces.$ (file:///Users/svenvanlaar/Documents/GitHub/finfit/finfit-ui/node_modules/vitest/dist/chunks/traces.DT5aQ62U.js:142:27)
DOMException [AbortError]: The operation was aborted.
    at Fetch.onAsyncTaskManagerAbort (file:///Users/svenvanlaar/Documents/GitHub/finfit/finfit-ui/node_modules/happy-dom/lib/fetch/Fetch.js:546:23)
    at Object.<anonymous> (file:///Users/svenvanlaar/Documents/GitHub/finfit/finfit-ui/node_modules/happy-dom/lib/fetch/Fetch.js:416:101)
    at AsyncTaskManager.abortAll (file:///Users/svenvanlaar/Documents/GitHub/finfit/finfit-ui/node_modules/happy-dom/lib/async-task-manager/AsyncTaskManager.js:292:30)
    at AsyncTaskManager.abort (file:///Users/svenvanlaar/Documents/GitHub/finfit/finfit-ui/node_modules/happy-dom/lib/async-task-manager/AsyncTaskManager.js:52:21)
    at DetachedBrowserFrame.abort (file:///Users/svenvanlaar/Documents/GitHub/finfit/finfit-ui/node_modules/happy-dom/lib/browser/detached-browser/DetachedBrowserFrame.js:112:58)
    at DetachedWindowAPI.abort (file:///Users/svenvanlaar/Documents/GitHub/finfit/finfit-ui/node_modules/happy-dom/lib/window/DetachedWindowAPI.js:51:35)
    at teardownWindow (file:///Users/svenvanlaar/Documents/GitHub/finfit/finfit-ui/node_modules/vitest/dist/chunks/index.DC7d2Pf8.js:331:22)
    at Object.teardown (file:///Users/svenvanlaar/Documents/GitHub/finfit/finfit-ui/node_modules/vitest/dist/chunks/index.DC7d2Pf8.js:392:10)
    at file:///Users/svenvanlaar/Documents/GitHub/finfit/finfit-ui/node_modules/vitest/dist/chunks/base.BPik1OqN.js:168:65
    at Traces.$ (file:///Users/svenvanlaar/Documents/GitHub/finfit/finfit-ui/node_modules/vitest/dist/chunks/traces.DT5aQ62U.js:142:27)
[90mstderr[2m | fetchRates (/Users/svenvanlaar/Documents/GitHub/finfit/finfit-ui/app/dashboard/components/providers/DashboardDataProvider.tsx:43:25)
[22m[39mFailed to fetch currency rates DOMException [NetworkError]: Failed to execute "fetch()" on "Window" with URL "http://localhost:3000/api/proxy/currencies": The operation was aborted.
    at Fetch.onError [90m(file:///Users/svenvanlaar/Documents/GitHub/finfit/finfit-ui/[39mnode_modules/[4mhappy-dom[24m/lib/fetch/Fetch.js:540:21[90m)[39m
[90m    at ClientRequest.emit (node:events:509:20)[39m
[90m    at emitErrorEvent (node:_http_client:109:11)[39m
[90m    at Socket.socketErrorListener (node:_http_client:593:5)[39m
[90m    at Socket.emit (node:events:509:20)[39m
[90m    at emitErrorNT (node:internal/streams/destroy:170:8)[39m
[90m    at emitErrorCloseNT (node:internal/streams/destroy:129:3)[39m
[90m    at processTicksAndRejections (node:internal/process/task_queues:90:21)[39m
Failed to fetch currency rates DOMException [NetworkError]: Failed to execute "fetch()" on "Window" with URL "http://localhost:3000/api/proxy/currencies": The operation was aborted.
    at Fetch.onError [90m(file:///Users/svenvanlaar/Documents/GitHub/finfit/finfit-ui/[39mnode_modules/[4mhappy-dom[24m/lib/fetch/Fetch.js:540:21[90m)[39m
[90m    at ClientRequest.emit (node:events:509:20)[39m
[90m    at emitErrorEvent (node:_http_client:109:11)[39m
[90m    at Socket.socketErrorListener (node:_http_client:593:5)[39m
[90m    at Socket.emit (node:events:509:20)[39m
[90m    at emitErrorNT (node:internal/streams/destroy:170:8)[39m
[90m    at emitErrorCloseNT (node:internal/streams/destroy:129:3)[39m
[90m    at processTicksAndRejections (node:internal/process/task_queues:90:21)[39m
Failed to fetch currency rates DOMException [NetworkError]: Failed to execute "fetch()" on "Window" with URL "http://localhost:3000/api/proxy/currencies": The operation was aborted.
    at Fetch.onError [90m(file:///Users/svenvanlaar/Documents/GitHub/finfit/finfit-ui/[39mnode_modules/[4mhappy-dom[24m/lib/fetch/Fetch.js:540:21[90m)[39m
[90m    at ClientRequest.emit (node:events:509:20)[39m
[90m    at emitErrorEvent (node:_http_client:109:11)[39m
[90m    at Socket.socketErrorListener (node:_http_client:593:5)[39m
[90m    at Socket.emit (node:events:509:20)[39m
[90m    at emitErrorNT (node:internal/streams/destroy:170:8)[39m
[90m    at emitErrorCloseNT (node:internal/streams/destroy:129:3)[39m
[90m    at processTicksAndRejections (node:internal/process/task_queues:90:21)[39m
Failed to fetch currency rates DOMException [NetworkError]: Failed to execute "fetch()" on "Window" with URL "http://localhost:3000/api/proxy/currencies": The operation was aborted.
    at Fetch.onError [90m(file:///Users/svenvanlaar/Documents/GitHub/finfit/finfit-ui/[39mnode_modules/[4mhappy-dom[24m/lib/fetch/Fetch.js:540:21[90m)[39m
[90m    at ClientRequest.emit (node:events:509:20)[39m
[90m    at emitErrorEvent (node:_http_client:109:11)[39m
[90m    at Socket.socketErrorListener (node:_http_client:593:5)[39m
[90m    at Socket.emit (node:events:509:20)[39m
[90m    at emitErrorNT (node:internal/streams/destroy:170:8)[39m
[90m    at emitErrorCloseNT (node:internal/streams/destroy:129:3)[39m
[90m    at processTicksAndRejections (node:internal/process/task_queues:90:21)[39m
Failed to fetch currency rates DOMException [NetworkError]: Failed to execute "fetch()" on "Window" with URL "http://localhost:3000/api/proxy/currencies": The operation was aborted.
    at Fetch.onError [90m(file:///Users/svenvanlaar/Documents/GitHub/finfit/finfit-ui/[39mnode_modules/[4mhappy-dom[24m/lib/fetch/Fetch.js:540:21[90m)[39m
[90m    at ClientRequest.emit (node:events:509:20)[39m
[90m    at emitErrorEvent (node:_http_client:109:11)[39m
[90m    at Socket.socketErrorListener (node:_http_client:593:5)[39m
[90m    at Socket.emit (node:events:509:20)[39m
[90m    at emitErrorNT (node:internal/streams/destroy:170:8)[39m
[90m    at emitErrorCloseNT (node:internal/streams/destroy:129:3)[39m
[90m    at processTicksAndRejections (node:internal/process/task_queues:90:21)[39m
Failed to fetch currency rates DOMException [NetworkError]: Failed to execute "fetch()" on "Window" with URL "http://localhost:3000/api/proxy/currencies": The operation was aborted.
    at Fetch.onError [90m(file:///Users/svenvanlaar/Documents/GitHub/finfit/finfit-ui/[39mnode_modules/[4mhappy-dom[24m/lib/fetch/Fetch.js:540:21[90m)[39m
[90m    at ClientRequest.emit (node:events:509:20)[39m
[90m    at emitErrorEvent (node:_http_client:109:11)[39m
[90m    at Socket.socketErrorListener (node:_http_client:593:5)[39m
[90m    at Socket.emit (node:events:509:20)[39m
[90m    at emitErrorNT (node:internal/streams/destroy:170:8)[39m
[90m    at emitErrorCloseNT (node:internal/streams/destroy:129:3)[39m
[90m    at processTicksAndRejections (node:internal/process/task_queues:90:21)[39m
Failed to fetch currency rates DOMException [NetworkError]: Failed to execute "fetch()" on "Window" with URL "http://localhost:3000/api/proxy/currencies": The operation was aborted.
    at Fetch.onError [90m(file:///Users/svenvanlaar/Documents/GitHub/finfit/finfit-ui/[39mnode_modules/[4mhappy-dom[24m/lib/fetch/Fetch.js:540:21[90m)[39m
[90m    at ClientRequest.emit (node:events:509:20)[39m
[90m    at emitErrorEvent (node:_http_client:109:11)[39m
[90m    at Socket.socketErrorListener (node:_http_client:593:5)[39m
[90m    at Socket.emit (node:events:509:20)[39m
[90m    at emitErrorNT (node:internal/streams/destroy:170:8)[39m
[90m    at emitErrorCloseNT (node:internal/streams/destroy:129:3)[39m
[90m    at processTicksAndRejections (node:internal/process/task_queues:90:21)[39m
Failed to fetch currency rates DOMException [NetworkError]: Failed to execute "fetch()" on "Window" with URL "http://localhost:3000/api/proxy/currencies": The operation was aborted.
    at Fetch.onError [90m(file:///Users/svenvanlaar/Documents/GitHub/finfit/finfit-ui/[39mnode_modules/[4mhappy-dom[24m/lib/fetch/Fetch.js:540:21[90m)[39m
[90m    at ClientRequest.emit (node:events:509:20)[39m
[90m    at emitErrorEvent (node:_http_client:109:11)[39m
[90m    at Socket.socketErrorListener (node:_http_client:593:5)[39m
[90m    at Socket.emit (node:events:509:20)[39m
[90m    at emitErrorNT (node:internal/streams/destroy:170:8)[39m
[90m    at emitErrorCloseNT (node:internal/streams/destroy:129:3)[39m
[90m    at processTicksAndRejections (node:internal/process/task_queues:90:21)[39m
Failed to fetch currency rates DOMException [NetworkError]: Failed to execute "fetch()" on "Window" with URL "http://localhost:3000/api/proxy/currencies": The operation was aborted.
    at Fetch.onError [90m(file:///Users/svenvanlaar/Documents/GitHub/finfit/finfit-ui/[39mnode_modules/[4mhappy-dom[24m/lib/fetch/Fetch.js:540:21[90m)[39m
[90m    at ClientRequest.emit (node:events:509:20)[39m
[90m    at emitErrorEvent (node:_http_client:109:11)[39m
[90m    at Socket.socketErrorListener (node:_http_client:593:5)[39m
[90m    at Socket.emit (node:events:509:20)[39m
[90m    at emitErrorNT (node:internal/streams/destroy:170:8)[39m
[90m    at emitErrorCloseNT (node:internal/streams/destroy:129:3)[39m
[90m    at processTicksAndRejections (node:internal/process/task_queues:90:21)[39m
Failed to fetch currency rates DOMException [NetworkError]: Failed to execute "fetch()" on "Window" with URL "http://localhost:3000/api/proxy/currencies": The operation was aborted.
    at Fetch.onError [90m(file:///Users/svenvanlaar/Documents/GitHub/finfit/finfit-ui/[39mnode_modules/[4mhappy-dom[24m/lib/fetch/Fetch.js:540:21[90m)[39m
[90m    at ClientRequest.emit (node:events:509:20)[39m
[90m    at emitErrorEvent (node:_http_client:109:11)[39m
[90m    at Socket.socketErrorListener (node:_http_client:593:5)[39m
[90m    at Socket.emit (node:events:509:20)[39m
[90m    at emitErrorNT (node:internal/streams/destroy:170:8)[39m
[90m    at emitErrorCloseNT (node:internal/streams/destroy:129:3)[39m
[90m    at processTicksAndRejections (node:internal/process/task_queues:90:21)[39m
Failed to fetch currency rates DOMException [NetworkError]: Failed to execute "fetch()" on "Window" with URL "http://localhost:3000/api/proxy/currencies": The operation was aborted.
    at Fetch.onError [90m(file:///Users/svenvanlaar/Documents/GitHub/finfit/finfit-ui/[39mnode_modules/[4mhappy-dom[24m/lib/fetch/Fetch.js:540:21[90m)[39m
[90m    at ClientRequest.emit (node:events:509:20)[39m
[90m    at emitErrorEvent (node:_http_client:109:11)[39m
[90m    at Socket.socketErrorListener (node:_http_client:593:5)[39m
[90m    at Socket.emit (node:events:509:20)[39m
[90m    at emitErrorNT (node:internal/streams/destroy:170:8)[39m
[90m    at emitErrorCloseNT (node:internal/streams/destroy:129:3)[39m
[90m    at processTicksAndRejections (node:internal/process/task_queues:90:21)[39m
Failed to fetch currency rates DOMException [NetworkError]: Failed to execute "fetch()" on "Window" with URL "http://localhost:3000/api/proxy/currencies": The operation was aborted.
    at Fetch.onError [90m(file:///Users/svenvanlaar/Documents/GitHub/finfit/finfit-ui/[39mnode_modules/[4mhappy-dom[24m/lib/fetch/Fetch.js:540:21[90m)[39m
[90m    at ClientRequest.emit (node:events:509:20)[39m
[90m    at emitErrorEvent (node:_http_client:109:11)[39m
[90m    at Socket.socketErrorListener (node:_http_client:593:5)[39m
[90m    at Socket.emit (node:events:509:20)[39m
[90m    at emitErrorNT (node:internal/streams/destroy:170:8)[39m
[90m    at emitErrorCloseNT (node:internal/streams/destroy:129:3)[39m
[90m    at processTicksAndRejections (node:internal/process/task_queues:90:21)[39m
Failed to fetch currency rates DOMException [NetworkError]: Failed to execute "fetch()" on "Window" with URL "http://localhost:3000/api/proxy/currencies": The operation was aborted.
    at Fetch.onError [90m(file:///Users/svenvanlaar/Documents/GitHub/finfit/finfit-ui/[39mnode_modules/[4mhappy-dom[24m/lib/fetch/Fetch.js:540:21[90m)[39m
[90m    at ClientRequest.emit (node:events:509:20)[39m
[90m    at emitErrorEvent (node:_http_client:109:11)[39m
[90m    at Socket.socketErrorListener (node:_http_client:593:5)[39m
[90m    at Socket.emit (node:events:509:20)[39m
[90m    at emitErrorNT (node:internal/streams/destroy:170:8)[39m
[90m    at emitErrorCloseNT (node:internal/streams/destroy:129:3)[39m
[90m    at processTicksAndRejections (node:internal/process/task_queues:90:21)[39m
Failed to fetch currency rates DOMException [NetworkError]: Failed to execute "fetch()" on "Window" with URL "http://localhost:3000/api/proxy/currencies": The operation was aborted.
    at Fetch.onError [90m(file:///Users/svenvanlaar/Documents/GitHub/finfit/finfit-ui/[39mnode_modules/[4mhappy-dom[24m/lib/fetch/Fetch.js:540:21[90m)[39m
[90m    at ClientRequest.emit (node:events:509:20)[39m
[90m    at emitErrorEvent (node:_http_client:109:11)[39m
[90m    at Socket.socketErrorListener (node:_http_client:593:5)[39m
[90m    at Socket.emit (node:events:509:20)[39m
[90m    at emitErrorNT (node:internal/streams/destroy:170:8)[39m
[90m    at emitErrorCloseNT (node:internal/streams/destroy:129:3)[39m
[90m    at processTicksAndRejections (node:internal/process/task_queues:90:21)[39m
Failed to fetch currency rates DOMException [NetworkError]: Failed to execute "fetch()" on "Window" with URL "http://localhost:3000/api/proxy/currencies": The operation was aborted.
    at Fetch.onError [90m(file:///Users/svenvanlaar/Documents/GitHub/finfit/finfit-ui/[39mnode_modules/[4mhappy-dom[24m/lib/fetch/Fetch.js:540:21[90m)[39m
[90m    at ClientRequest.emit (node:events:509:20)[39m
[90m    at emitErrorEvent (node:_http_client:109:11)[39m
[90m    at Socket.socketErrorListener (node:_http_client:593:5)[39m
[90m    at Socket.emit (node:events:509:20)[39m
[90m    at emitErrorNT (node:internal/streams/destroy:170:8)[39m
[90m    at emitErrorCloseNT (node:internal/streams/destroy:129:3)[39m
[90m    at processTicksAndRejections (node:internal/process/task_queues:90:21)[39m
Failed to fetch currency rates DOMException [NetworkError]: Failed to execute "fetch()" on "Window" with URL "http://localhost:3000/api/proxy/currencies": The operation was aborted.
    at Fetch.onError [90m(file:///Users/svenvanlaar/Documents/GitHub/finfit/finfit-ui/[39mnode_modules/[4mhappy-dom[24m/lib/fetch/Fetch.js:540:21[90m)[39m
[90m    at ClientRequest.emit (node:events:509:20)[39m
[90m    at emitErrorEvent (node:_http_client:109:11)[39m
[90m    at Socket.socketErrorListener (node:_http_client:593:5)[39m
[90m    at Socket.emit (node:events:509:20)[39m
[90m    at emitErrorNT (node:internal/streams/destroy:170:8)[39m
[90m    at emitErrorCloseNT (node:internal/streams/destroy:129:3)[39m
[90m    at processTicksAndRejections (node:internal/process/task_queues:90:21)[39m
Failed to fetch currency rates DOMException [NetworkError]: Failed to execute "fetch()" on "Window" with URL "http://localhost:3000/api/proxy/currencies": The operation was aborted.
    at Fetch.onError [90m(file:///Users/svenvanlaar/Documents/GitHub/finfit/finfit-ui/[39mnode_modules/[4mhappy-dom[24m/lib/fetch/Fetch.js:540:21[90m)[39m
[90m    at ClientRequest.emit (node:events:509:20)[39m
[90m    at emitErrorEvent (node:_http_client:109:11)[39m
[90m    at Socket.socketErrorListener (node:_http_client:593:5)[39m
[90m    at Socket.emit (node:events:509:20)[39m
[90m    at emitErrorNT (node:internal/streams/destroy:170:8)[39m
[90m    at emitErrorCloseNT (node:internal/streams/destroy:129:3)[39m
[90m    at processTicksAndRejections (node:internal/process/task_queues:90:21)[39m
Failed to fetch currency rates DOMException [NetworkError]: Failed to execute "fetch()" on "Window" with URL "http://localhost:3000/api/proxy/currencies": The operation was aborted.
    at Fetch.onError [90m(file:///Users/svenvanlaar/Documents/GitHub/finfit/finfit-ui/[39mnode_modules/[4mhappy-dom[24m/lib/fetch/Fetch.js:540:21[90m)[39m
[90m    at ClientRequest.emit (node:events:509:20)[39m
[90m    at emitErrorEvent (node:_http_client:109:11)[39m
[90m    at Socket.socketErrorListener (node:_http_client:593:5)[39m
[90m    at Socket.emit (node:events:509:20)[39m
[90m    at emitErrorNT (node:internal/streams/destroy:170:8)[39m
[90m    at emitErrorCloseNT (node:internal/streams/destroy:129:3)[39m
[90m    at processTicksAndRejections (node:internal/process/task_queues:90:21)[39m
Failed to fetch currency rates DOMException [NetworkError]: Failed to execute "fetch()" on "Window" with URL "http://localhost:3000/api/proxy/currencies": The operation was aborted.
    at Fetch.onError [90m(file:///Users/svenvanlaar/Documents/GitHub/finfit/finfit-ui/[39mnode_modules/[4mhappy-dom[24m/lib/fetch/Fetch.js:540:21[90m)[39m
[90m    at ClientRequest.emit (node:events:509:20)[39m
[90m    at emitErrorEvent (node:_http_client:109:11)[39m
[90m    at Socket.socketErrorListener (node:_http_client:593:5)[39m
[90m    at Socket.emit (node:events:509:20)[39m
[90m    at emitErrorNT (node:internal/streams/destroy:170:8)[39m
[90m    at emitErrorCloseNT (node:internal/streams/destroy:129:3)[39m
[90m    at processTicksAndRejections (node:internal/process/task_queues:90:21)[39m
Failed to fetch currency rates DOMException [NetworkError]: Failed to execute "fetch()" on "Window" with URL "http://localhost:3000/api/proxy/currencies": The operation was aborted.
    at Fetch.onError [90m(file:///Users/svenvanlaar/Documents/GitHub/finfit/finfit-ui/[39mnode_modules/[4mhappy-dom[24m/lib/fetch/Fetch.js:540:21[90m)[39m
[90m    at ClientRequest.emit (node:events:509:20)[39m
[90m    at emitErrorEvent (node:_http_client:109:11)[39m
[90m    at Socket.socketErrorListener (node:_http_client:593:5)[39m
[90m    at Socket.emit (node:events:509:20)[39m
[90m    at emitErrorNT (node:internal/streams/destroy:170:8)[39m
[90m    at emitErrorCloseNT (node:internal/streams/destroy:129:3)[39m
[90m    at processTicksAndRejections (node:internal/process/task_queues:90:21)[39m
Failed to fetch currency rates DOMException [NetworkError]: Failed to execute "fetch()" on "Window" with URL "http://localhost:3000/api/proxy/currencies": The operation was aborted.
    at Fetch.onError [90m(file:///Users/svenvanlaar/Documents/GitHub/finfit/finfit-ui/[39mnode_modules/[4mhappy-dom[24m/lib/fetch/Fetch.js:540:21[90m)[39m
[90m    at ClientRequest.emit (node:events:509:20)[39m
[90m    at emitErrorEvent (node:_http_client:109:11)[39m
[90m    at Socket.socketErrorListener (node:_http_client:593:5)[39m
[90m    at Socket.emit (node:events:509:20)[39m
[90m    at emitErrorNT (node:internal/streams/destroy:170:8)[39m
[90m    at emitErrorCloseNT (node:internal/streams/destroy:129:3)[39m
[90m    at processTicksAndRejections (node:internal/process/task_queues:90:21)[39m
Failed to fetch currency rates DOMException [NetworkError]: Failed to execute "fetch()" on "Window" with URL "http://localhost:3000/api/proxy/currencies": The operation was aborted.
    at Fetch.onError [90m(file:///Users/svenvanlaar/Documents/GitHub/finfit/finfit-ui/[39mnode_modules/[4mhappy-dom[24m/lib/fetch/Fetch.js:540:21[90m)[39m
[90m    at ClientRequest.emit (node:events:509:20)[39m
[90m    at emitErrorEvent (node:_http_client:109:11)[39m
[90m    at Socket.socketErrorListener (node:_http_client:593:5)[39m
[90m    at Socket.emit (node:events:509:20)[39m
[90m    at emitErrorNT (node:internal/streams/destroy:170:8)[39m
[90m    at emitErrorCloseNT (node:internal/streams/destroy:129:3)[39m
[90m    at processTicksAndRejections (node:internal/process/task_queues:90:21)[39m
Failed to fetch currency rates DOMException [NetworkError]: Failed to execute "fetch()" on "Window" with URL "http://localhost:3000/api/proxy/currencies": The operation was aborted.
    at Fetch.onError [90m(file:///Users/svenvanlaar/Documents/GitHub/finfit/finfit-ui/[39mnode_modules/[4mhappy-dom[24m/lib/fetch/Fetch.js:540:21[90m)[39m
[90m    at ClientRequest.emit (node:events:509:20)[39m
[90m    at emitErrorEvent (node:_http_client:109:11)[39m
[90m    at Socket.socketErrorListener (node:_http_client:593:5)[39m
[90m    at Socket.emit (node:events:509:20)[39m
[90m    at emitErrorNT (node:internal/streams/destroy:170:8)[39m
[90m    at emitErrorCloseNT (node:internal/streams/destroy:129:3)[39m
[90m    at processTicksAndRejections (node:internal/process/task_queues:90:21)[39m
Failed to fetch currency rates DOMException [NetworkError]: Failed to execute "fetch()" on "Window" with URL "http://localhost:3000/api/proxy/currencies": The operation was aborted.
    at Fetch.onError [90m(file:///Users/svenvanlaar/Documents/GitHub/finfit/finfit-ui/[39mnode_modules/[4mhappy-dom[24m/lib/fetch/Fetch.js:540:21[90m)[39m
[90m    at ClientRequest.emit (node:events:509:20)[39m
[90m    at emitErrorEvent (node:_http_client:109:11)[39m
[90m    at Socket.socketErrorListener (node:_http_client:593:5)[39m
[90m    at Socket.emit (node:events:509:20)[39m
[90m    at emitErrorNT (node:internal/streams/destroy:170:8)[39m
[90m    at emitErrorCloseNT (node:internal/streams/destroy:129:3)[39m
[90m    at processTicksAndRejections (node:internal/process/task_queues:90:21)[39m
Failed to fetch currency rates DOMException [NetworkError]: Failed to execute "fetch()" on "Window" with URL "http://localhost:3000/api/proxy/currencies": The operation was aborted.
    at Fetch.onError [90m(file:///Users/svenvanlaar/Documents/GitHub/finfit/finfit-ui/[39mnode_modules/[4mhappy-dom[24m/lib/fetch/Fetch.js:540:21[90m)[39m
[90m    at ClientRequest.emit (node:events:509:20)[39m
[90m    at emitErrorEvent (node:_http_client:109:11)[39m
[90m    at Socket.socketErrorListener (node:_http_client:593:5)[39m
[90m    at Socket.emit (node:events:509:20)[39m
[90m    at emitErrorNT (node:internal/streams/destroy:170:8)[39m
[90m    at emitErrorCloseNT (node:internal/streams/destroy:129:3)[39m
[90m    at processTicksAndRejections (node:internal/process/task_queues:90:21)[39m
Failed to fetch currency rates DOMException [NetworkError]: Failed to execute "fetch()" on "Window" with URL "http://localhost:3000/api/proxy/currencies": The operation was aborted.
    at Fetch.onError [90m(file:///Users/svenvanlaar/Documents/GitHub/finfit/finfit-ui/[39mnode_modules/[4mhappy-dom[24m/lib/fetch/Fetch.js:540:21[90m)[39m
[90m    at ClientRequest.emit (node:events:509:20)[39m
[90m    at emitErrorEvent (node:_http_client:109:11)[39m
[90m    at Socket.socketErrorListener (node:_http_client:593:5)[39m
[90m    at Socket.emit (node:events:509:20)[39m
[90m    at emitErrorNT (node:internal/streams/destroy:170:8)[39m
[90m    at emitErrorCloseNT (node:internal/streams/destroy:129:3)[39m
[90m    at processTicksAndRejections (node:internal/process/task_queues:90:21)[39m
Failed to fetch currency rates DOMException [NetworkError]: Failed to execute "fetch()" on "Window" with URL "http://localhost:3000/api/proxy/currencies": The operation was aborted.
    at Fetch.onError [90m(file:///Users/svenvanlaar/Documents/GitHub/finfit/finfit-ui/[39mnode_modules/[4mhappy-dom[24m/lib/fetch/Fetch.js:540:21[90m)[39m
[90m    at ClientRequest.emit (node:events:509:20)[39m
[90m    at emitErrorEvent (node:_http_client:109:11)[39m
[90m    at Socket.socketErrorListener (node:_http_client:593:5)[39m
[90m    at Socket.emit (node:events:509:20)[39m
[90m    at emitErrorNT (node:internal/streams/destroy:170:8)[39m
[90m    at emitErrorCloseNT (node:internal/streams/destroy:129:3)[39m
[90m    at processTicksAndRejections (node:internal/process/task_queues:90:21)[39m

[90mstderr[2m | tests/components/smoke-assets.vitest.test.tsx[2m > [22m[2mAsset component smoke coverage[2m > [22m[2mrenders CryptoHistoryModal (closed)
[22m[39mAn update to CryptoHistoryModal inside a test was not wrapped in act(...).

When testing, code that causes React state updates should be wrapped into act(...):

act(() => {
  /* fire events that update state */
});
/* assert on the output */

This ensures that you're testing the behavior the user would see in the browser. Learn more at https://react.dev/link/wrap-tests-with-act
An update to CryptoHistoryModal inside a test was not wrapped in act(...).

When testing, code that causes React state updates should be wrapped into act(...):

act(() => {
  /* fire events that update state */
});
/* assert on the output */

This ensures that you're testing the behavior the user would see in the browser. Learn more at https://react.dev/link/wrap-tests-with-act

[90mstderr[2m | tests/components/smoke-assets.vitest.test.tsx[2m > [22m[2mAsset component smoke coverage[2m > [22m[2mrenders PensionHistoryModal (closed)
[22m[39mAn update to PensionHistoryModal inside a test was not wrapped in act(...).

When testing, code that causes React state updates should be wrapped into act(...):

act(() => {
  /* fire events that update state */
});
/* assert on the output */

This ensures that you're testing the behavior the user would see in the browser. Learn more at https://react.dev/link/wrap-tests-with-act
An update to PensionHistoryModal inside a test was not wrapped in act(...).

When testing, code that causes React state updates should be wrapped into act(...):

act(() => {
  /* fire events that update state */
});
/* assert on the output */

This ensures that you're testing the behavior the user would see in the browser. Learn more at https://react.dev/link/wrap-tests-with-act
An update to PensionHistoryModal inside a test was not wrapped in act(...).

When testing, code that causes React state updates should be wrapped into act(...):

act(() => {
  /* fire events that update state */
});
/* assert on the output */

This ensures that you're testing the behavior the user would see in the browser. Learn more at https://react.dev/link/wrap-tests-with-act

 [32m✓[39m tests/components/smoke-assets.vitest.test.tsx [2m([22m[2m40 tests[22m[2m)[22m[32m 71[2mms[22m[39m

[2m Test Files [22m [1m[32m2 passed[39m[22m[90m (2)[39m
[2m      Tests [22m [1m[32m71 passed[39m[22m[90m (71)[39m
[2m   Start at [22m 17:41:33
[2m   Duration [22m 1.35s[2m (transform 388ms, setup 184ms, import 1.79s, tests 165ms, environment 245ms)[22m

DOMException [AbortError]: The operation was aborted.
    at Fetch.onAsyncTaskManagerAbort (file:///Users/svenvanlaar/Documents/GitHub/finfit/finfit-ui/node_modules/happy-dom/lib/fetch/Fetch.js:546:23)
    at Object.<anonymous> (file:///Users/svenvanlaar/Documents/GitHub/finfit/finfit-ui/node_modules/happy-dom/lib/fetch/Fetch.js:416:101)
    at AsyncTaskManager.abortAll (file:///Users/svenvanlaar/Documents/GitHub/finfit/finfit-ui/node_modules/happy-dom/lib/async-task-manager/AsyncTaskManager.js:292:30)
    at AsyncTaskManager.abort (file:///Users/svenvanlaar/Documents/GitHub/finfit/finfit-ui/node_modules/happy-dom/lib/async-task-manager/AsyncTaskManager.js:52:21)
    at DetachedBrowserFrame.abort (file:///Users/svenvanlaar/Documents/GitHub/finfit/finfit-ui/node_modules/happy-dom/lib/browser/detached-browser/DetachedBrowserFrame.js:112:58)
    at DetachedWindowAPI.abort (file:///Users/svenvanlaar/Documents/GitHub/finfit/finfit-ui/node_modules/happy-dom/lib/window/DetachedWindowAPI.js:51:35)
    at teardownWindow (file:///Users/svenvanlaar/Documents/GitHub/finfit/finfit-ui/node_modules/vitest/dist/chunks/index.DC7d2Pf8.js:331:22)
    at Object.teardown (file:///Users/svenvanlaar/Documents/GitHub/finfit/finfit-ui/node_modules/vitest/dist/chunks/index.DC7d2Pf8.js:392:10)
    at file:///Users/svenvanlaar/Documents/GitHub/finfit/finfit-ui/node_modules/vitest/dist/chunks/base.BPik1OqN.js:168:65
    at Traces.$ (file:///Users/svenvanlaar/Documents/GitHub/finfit/finfit-ui/node_modules/vitest/dist/chunks/traces.DT5aQ62U.js:142:27)
DOMException [AbortError]: The operation was aborted.
    at Fetch.onAsyncTaskManagerAbort (file:///Users/svenvanlaar/Documents/GitHub/finfit/finfit-ui/node_modules/happy-dom/lib/fetch/Fetch.js:546:23)
    at Object.<anonymous> (file:///Users/svenvanlaar/Documents/GitHub/finfit/finfit-ui/node_modules/happy-dom/lib/fetch/Fetch.js:416:101)
    at AsyncTaskManager.abortAll (file:///Users/svenvanlaar/Documents/GitHub/finfit/finfit-ui/node_modules/happy-dom/lib/async-task-manager/AsyncTaskManager.js:292:30)
    at AsyncTaskManager.abort (file:///Users/svenvanlaar/Documents/GitHub/finfit/finfit-ui/node_modules/happy-dom/lib/async-task-manager/AsyncTaskManager.js:52:21)
    at DetachedBrowserFrame.abort (file:///Users/svenvanlaar/Documents/GitHub/finfit/finfit-ui/node_modules/happy-dom/lib/browser/detached-browser/DetachedBrowserFrame.js:112:58)
    at DetachedWindowAPI.abort (file:///Users/svenvanlaar/Documents/GitHub/finfit/finfit-ui/node_modules/happy-dom/lib/window/DetachedWindowAPI.js:51:35)
    at teardownWindow (file:///Users/svenvanlaar/Documents/GitHub/finfit/finfit-ui/node_modules/vitest/dist/chunks/index.DC7d2Pf8.js:331:22)
    at Object.teardown (file:///Users/svenvanlaar/Documents/GitHub/finfit/finfit-ui/node_modules/vitest/dist/chunks/index.DC7d2Pf8.js:392:10)
    at file:///Users/svenvanlaar/Documents/GitHub/finfit/finfit-ui/node_modules/vitest/dist/chunks/base.BPik1OqN.js:168:65
    at Traces.$ (file:///Users/svenvanlaar/Documents/GitHub/finfit/finfit-ui/node_modules/vitest/dist/chunks/traces.DT5aQ62U.js:142:27)
DOMException [AbortError]: The operation was aborted.
    at Fetch.onAsyncTaskManagerAbort (file:///Users/svenvanlaar/Documents/GitHub/finfit/finfit-ui/node_modules/happy-dom/lib/fetch/Fetch.js:546:23)
    at Object.<anonymous> (file:///Users/svenvanlaar/Documents/GitHub/finfit/finfit-ui/node_modules/happy-dom/lib/fetch/Fetch.js:416:101)
    at AsyncTaskManager.abortAll (file:///Users/svenvanlaar/Documents/GitHub/finfit/finfit-ui/node_modules/happy-dom/lib/async-task-manager/AsyncTaskManager.js:292:30)
    at AsyncTaskManager.abort (file:///Users/svenvanlaar/Documents/GitHub/finfit/finfit-ui/node_modules/happy-dom/lib/async-task-manager/AsyncTaskManager.js:52:21)
    at DetachedBrowserFrame.abort (file:///Users/svenvanlaar/Documents/GitHub/finfit/finfit-ui/node_modules/happy-dom/lib/browser/detached-browser/DetachedBrowserFrame.js:112:58)
    at DetachedWindowAPI.abort (file:///Users/svenvanlaar/Documents/GitHub/finfit/finfit-ui/node_modules/happy-dom/lib/window/DetachedWindowAPI.js:51:35)
    at teardownWindow (file:///Users/svenvanlaar/Documents/GitHub/finfit/finfit-ui/node_modules/vitest/dist/chunks/index.DC7d2Pf8.js:331:22)
    at Object.teardown (file:///Users/svenvanlaar/Documents/GitHub/finfit/finfit-ui/node_modules/vitest/dist/chunks/index.DC7d2Pf8.js:392:10)
    at file:///Users/svenvanlaar/Documents/GitHub/finfit/finfit-ui/node_modules/vitest/dist/chunks/base.BPik1OqN.js:168:65
    at Traces.$ (file:///Users/svenvanlaar/Documents/GitHub/finfit/finfit-ui/node_modules/vitest/dist/chunks/traces.DT5aQ62U.js:142:27)
DOMException [AbortError]: The operation was aborted.
    at Fetch.onAsyncTaskManagerAbort (file:///Users/svenvanlaar/Documents/GitHub/finfit/finfit-ui/node_modules/happy-dom/lib/fetch/Fetch.js:546:23)
    at Object.<anonymous> (file:///Users/svenvanlaar/Documents/GitHub/finfit/finfit-ui/node_modules/happy-dom/lib/fetch/Fetch.js:416:101)
    at AsyncTaskManager.abortAll (file:///Users/svenvanlaar/Documents/GitHub/finfit/finfit-ui/node_modules/happy-dom/lib/async-task-manager/AsyncTaskManager.js:292:30)
    at AsyncTaskManager.abort (file:///Users/svenvanlaar/Documents/GitHub/finfit/finfit-ui/node_modules/happy-dom/lib/async-task-manager/AsyncTaskManager.js:52:21)
    at DetachedBrowserFrame.abort (file:///Users/svenvanlaar/Documents/GitHub/finfit/finfit-ui/node_modules/happy-dom/lib/browser/detached-browser/DetachedBrowserFrame.js:112:58)
    at DetachedWindowAPI.abort (file:///Users/svenvanlaar/Documents/GitHub/finfit/finfit-ui/node_modules/happy-dom/lib/window/DetachedWindowAPI.js:51:35)
    at teardownWindow (file:///Users/svenvanlaar/Documents/GitHub/finfit/finfit-ui/node_modules/vitest/dist/chunks/index.DC7d2Pf8.js:331:22)
    at Object.teardown (file:///Users/svenvanlaar/Documents/GitHub/finfit/finfit-ui/node_modules/vitest/dist/chunks/index.DC7d2Pf8.js:392:10)
    at file:///Users/svenvanlaar/Documents/GitHub/finfit/finfit-ui/node_modules/vitest/dist/chunks/base.BPik1OqN.js:168:65
    at Traces.$ (file:///Users/svenvanlaar/Documents/GitHub/finfit/finfit-ui/node_modules/vitest/dist/chunks/traces.DT5aQ62U.js:142:27)
DOMException [AbortError]: The operation was aborted.
    at Fetch.onAsyncTaskManagerAbort (file:///Users/svenvanlaar/Documents/GitHub/finfit/finfit-ui/node_modules/happy-dom/lib/fetch/Fetch.js:546:23)
    at Object.<anonymous> (file:///Users/svenvanlaar/Documents/GitHub/finfit/finfit-ui/node_modules/happy-dom/lib/fetch/Fetch.js:416:101)
    at AsyncTaskManager.abortAll (file:///Users/svenvanlaar/Documents/GitHub/finfit/finfit-ui/node_modules/happy-dom/lib/async-task-manager/AsyncTaskManager.js:292:30)
    at AsyncTaskManager.abort (file:///Users/svenvanlaar/Documents/GitHub/finfit/finfit-ui/node_modules/happy-dom/lib/async-task-manager/AsyncTaskManager.js:52:21)
    at DetachedBrowserFrame.abort (file:///Users/svenvanlaar/Documents/GitHub/finfit/finfit-ui/node_modules/happy-dom/lib/browser/detached-browser/DetachedBrowserFrame.js:112:58)
    at DetachedWindowAPI.abort (file:///Users/svenvanlaar/Documents/GitHub/finfit/finfit-ui/node_modules/happy-dom/lib/window/DetachedWindowAPI.js:51:35)
    at teardownWindow (file:///Users/svenvanlaar/Documents/GitHub/finfit/finfit-ui/node_modules/vitest/dist/chunks/index.DC7d2Pf8.js:331:22)
    at Object.teardown (file:///Users/svenvanlaar/Documents/GitHub/finfit/finfit-ui/node_modules/vitest/dist/chunks/index.DC7d2Pf8.js:392:10)
    at file:///Users/svenvanlaar/Documents/GitHub/finfit/finfit-ui/node_modules/vitest/dist/chunks/base.BPik1OqN.js:168:65
    at Traces.$ (file:///Users/svenvanlaar/Documents/GitHub/finfit/finfit-ui/node_modules/vitest/dist/chunks/traces.DT5aQ62U.js:142:27)
DOMException [AbortError]: The operation was aborted.
    at Fetch.onAsyncTaskManagerAbort (file:///Users/svenvanlaar/Documents/GitHub/finfit/finfit-ui/node_modules/happy-dom/lib/fetch/Fetch.js:546:23)
    at Object.<anonymous> (file:///Users/svenvanlaar/Documents/GitHub/finfit/finfit-ui/node_modules/happy-dom/lib/fetch/Fetch.js:416:101)
    at AsyncTaskManager.abortAll (file:///Users/svenvanlaar/Documents/GitHub/finfit/finfit-ui/node_modules/happy-dom/lib/async-task-manager/AsyncTaskManager.js:292:30)
    at AsyncTaskManager.abort (file:///Users/svenvanlaar/Documents/GitHub/finfit/finfit-ui/node_modules/happy-dom/lib/async-task-manager/AsyncTaskManager.js:52:21)
    at DetachedBrowserFrame.abort (file:///Users/svenvanlaar/Documents/GitHub/finfit/finfit-ui/node_modules/happy-dom/lib/browser/detached-browser/DetachedBrowserFrame.js:112:58)
    at DetachedWindowAPI.abort (file:///Users/svenvanlaar/Documents/GitHub/finfit/finfit-ui/node_modules/happy-dom/lib/window/DetachedWindowAPI.js:51:35)
    at teardownWindow (file:///Users/svenvanlaar/Documents/GitHub/finfit/finfit-ui/node_modules/vitest/dist/chunks/index.DC7d2Pf8.js:331:22)
    at Object.teardown (file:///Users/svenvanlaar/Documents/GitHub/finfit/finfit-ui/node_modules/vitest/dist/chunks/index.DC7d2Pf8.js:392:10)
    at file:///Users/svenvanlaar/Documents/GitHub/finfit/finfit-ui/node_modules/vitest/dist/chunks/base.BPik1OqN.js:168:65
    at Traces.$ (file:///Users/svenvanlaar/Documents/GitHub/finfit/finfit-ui/node_modules/vitest/dist/chunks/traces.DT5aQ62U.js:142:27)
DOMException [AbortError]: The operation was aborted.
    at Fetch.onAsyncTaskManagerAbort (file:///Users/svenvanlaar/Documents/GitHub/finfit/finfit-ui/node_modules/happy-dom/lib/fetch/Fetch.js:546:23)
    at Object.<anonymous> (file:///Users/svenvanlaar/Documents/GitHub/finfit/finfit-ui/node_modules/happy-dom/lib/fetch/Fetch.js:416:101)
    at AsyncTaskManager.abortAll (file:///Users/svenvanlaar/Documents/GitHub/finfit/finfit-ui/node_modules/happy-dom/lib/async-task-manager/AsyncTaskManager.js:292:30)
    at AsyncTaskManager.abort (file:///Users/svenvanlaar/Documents/GitHub/finfit/finfit-ui/node_modules/happy-dom/lib/async-task-manager/AsyncTaskManager.js:52:21)
    at DetachedBrowserFrame.abort (file:///Users/svenvanlaar/Documents/GitHub/finfit/finfit-ui/node_modules/happy-dom/lib/browser/detached-browser/DetachedBrowserFrame.js:112:58)
    at DetachedWindowAPI.abort (file:///Users/svenvanlaar/Documents/GitHub/finfit/finfit-ui/node_modules/happy-dom/lib/window/DetachedWindowAPI.js:51:35)
    at teardownWindow (file:///Users/svenvanlaar/Documents/GitHub/finfit/finfit-ui/node_modules/vitest/dist/chunks/index.DC7d2Pf8.js:331:22)
    at Object.teardown (file:///Users/svenvanlaar/Documents/GitHub/finfit/finfit-ui/node_modules/vitest/dist/chunks/index.DC7d2Pf8.js:392:10)
    at file:///Users/svenvanlaar/Documents/GitHub/finfit/finfit-ui/node_modules/vitest/dist/chunks/base.BPik1OqN.js:168:65
    at Traces.$ (file:///Users/svenvanlaar/Documents/GitHub/finfit/finfit-ui/node_modules/vitest/dist/chunks/traces.DT5aQ62U.js:142:27)
DOMException [AbortError]: The operation was aborted.
    at Fetch.onAsyncTaskManagerAbort (file:///Users/svenvanlaar/Documents/GitHub/finfit/finfit-ui/node_modules/happy-dom/lib/fetch/Fetch.js:546:23)
    at Object.<anonymous> (file:///Users/svenvanlaar/Documents/GitHub/finfit/finfit-ui/node_modules/happy-dom/lib/fetch/Fetch.js:416:101)
    at AsyncTaskManager.abortAll (file:///Users/svenvanlaar/Documents/GitHub/finfit/finfit-ui/node_modules/happy-dom/lib/async-task-manager/AsyncTaskManager.js:292:30)
    at AsyncTaskManager.abort (file:///Users/svenvanlaar/Documents/GitHub/finfit/finfit-ui/node_modules/happy-dom/lib/async-task-manager/AsyncTaskManager.js:52:21)
    at DetachedBrowserFrame.abort (file:///Users/svenvanlaar/Documents/GitHub/finfit/finfit-ui/node_modules/happy-dom/lib/browser/detached-browser/DetachedBrowserFrame.js:112:58)
    at DetachedWindowAPI.abort (file:///Users/svenvanlaar/Documents/GitHub/finfit/finfit-ui/node_modules/happy-dom/lib/window/DetachedWindowAPI.js:51:35)
    at teardownWindow (file:///Users/svenvanlaar/Documents/GitHub/finfit/finfit-ui/node_modules/vitest/dist/chunks/index.DC7d2Pf8.js:331:22)
    at Object.teardown (file:///Users/svenvanlaar/Documents/GitHub/finfit/finfit-ui/node_modules/vitest/dist/chunks/index.DC7d2Pf8.js:392:10)
    at file:///Users/svenvanlaar/Documents/GitHub/finfit/finfit-ui/node_modules/vitest/dist/chunks/base.BPik1OqN.js:168:65
    at Traces.$ (file:///Users/svenvanlaar/Documents/GitHub/finfit/finfit-ui/node_modules/vitest/dist/chunks/traces.DT5aQ62U.js:142:27)
DOMException [AbortError]: The operation was aborted.
    at Fetch.onAsyncTaskManagerAbort (file:///Users/svenvanlaar/Documents/GitHub/finfit/finfit-ui/node_modules/happy-dom/lib/fetch/Fetch.js:546:23)
    at Object.<anonymous> (file:///Users/svenvanlaar/Documents/GitHub/finfit/finfit-ui/node_modules/happy-dom/lib/fetch/Fetch.js:416:101)
    at AsyncTaskManager.abortAll (file:///Users/svenvanlaar/Documents/GitHub/finfit/finfit-ui/node_modules/happy-dom/lib/async-task-manager/AsyncTaskManager.js:292:30)
    at AsyncTaskManager.abort (file:///Users/svenvanlaar/Documents/GitHub/finfit/finfit-ui/node_modules/happy-dom/lib/async-task-manager/AsyncTaskManager.js:52:21)
    at DetachedBrowserFrame.abort (file:///Users/svenvanlaar/Documents/GitHub/finfit/finfit-ui/node_modules/happy-dom/lib/browser/detached-browser/DetachedBrowserFrame.js:112:58)
    at DetachedWindowAPI.abort (file:///Users/svenvanlaar/Documents/GitHub/finfit/finfit-ui/node_modules/happy-dom/lib/window/DetachedWindowAPI.js:51:35)
    at teardownWindow (file:///Users/svenvanlaar/Documents/GitHub/finfit/finfit-ui/node_modules/vitest/dist/chunks/index.DC7d2Pf8.js:331:22)
    at Object.teardown (file:///Users/svenvanlaar/Documents/GitHub/finfit/finfit-ui/node_modules/vitest/dist/chunks/index.DC7d2Pf8.js:392:10)
    at file:///Users/svenvanlaar/Documents/GitHub/finfit/finfit-ui/node_modules/vitest/dist/chunks/base.BPik1OqN.js:168:65
    at Traces.$ (file:///Users/svenvanlaar/Documents/GitHub/finfit/finfit-ui/node_modules/vitest/dist/chunks/traces.DT5aQ62U.js:142:27)
DOMException [AbortError]: The operation was aborted.
    at Fetch.onAsyncTaskManagerAbort (file:///Users/svenvanlaar/Documents/GitHub/finfit/finfit-ui/node_modules/happy-dom/lib/fetch/Fetch.js:546:23)
    at Object.<anonymous> (file:///Users/svenvanlaar/Documents/GitHub/finfit/finfit-ui/node_modules/happy-dom/lib/fetch/Fetch.js:416:101)
    at AsyncTaskManager.abortAll (file:///Users/svenvanlaar/Documents/GitHub/finfit/finfit-ui/node_modules/happy-dom/lib/async-task-manager/AsyncTaskManager.js:292:30)
    at AsyncTaskManager.abort (file:///Users/svenvanlaar/Documents/GitHub/finfit/finfit-ui/node_modules/happy-dom/lib/async-task-manager/AsyncTaskManager.js:52:21)
    at DetachedBrowserFrame.abort (file:///Users/svenvanlaar/Documents/GitHub/finfit/finfit-ui/node_modules/happy-dom/lib/browser/detached-browser/DetachedBrowserFrame.js:112:58)
    at DetachedWindowAPI.abort (file:///Users/svenvanlaar/Documents/GitHub/finfit/finfit-ui/node_modules/happy-dom/lib/window/DetachedWindowAPI.js:51:35)
    at teardownWindow (file:///Users/svenvanlaar/Documents/GitHub/finfit/finfit-ui/node_modules/vitest/dist/chunks/index.DC7d2Pf8.js:331:22)
    at Object.teardown (file:///Users/svenvanlaar/Documents/GitHub/finfit/finfit-ui/node_modules/vitest/dist/chunks/index.DC7d2Pf8.js:392:10)
    at file:///Users/svenvanlaar/Documents/GitHub/finfit/finfit-ui/node_modules/vitest/dist/chunks/base.BPik1OqN.js:168:65
    at Traces.$ (file:///Users/svenvanlaar/Documents/GitHub/finfit/finfit-ui/node_modules/vitest/dist/chunks/traces.DT5aQ62U.js:142:27)
DOMException [AbortError]: The operation was aborted.
    at Fetch.onAsyncTaskManagerAbort (file:///Users/svenvanlaar/Documents/GitHub/finfit/finfit-ui/node_modules/happy-dom/lib/fetch/Fetch.js:546:23)
    at Object.<anonymous> (file:///Users/svenvanlaar/Documents/GitHub/finfit/finfit-ui/node_modules/happy-dom/lib/fetch/Fetch.js:416:101)
    at AsyncTaskManager.abortAll (file:///Users/svenvanlaar/Documents/GitHub/finfit/finfit-ui/node_modules/happy-dom/lib/async-task-manager/AsyncTaskManager.js:292:30)
    at AsyncTaskManager.abort (file:///Users/svenvanlaar/Documents/GitHub/finfit/finfit-ui/node_modules/happy-dom/lib/async-task-manager/AsyncTaskManager.js:52:21)
    at DetachedBrowserFrame.abort (file:///Users/svenvanlaar/Documents/GitHub/finfit/finfit-ui/node_modules/happy-dom/lib/browser/detached-browser/DetachedBrowserFrame.js:112:58)
    at DetachedWindowAPI.abort (file:///Users/svenvanlaar/Documents/GitHub/finfit/finfit-ui/node_modules/happy-dom/lib/window/DetachedWindowAPI.js:51:35)
    at teardownWindow (file:///Users/svenvanlaar/Documents/GitHub/finfit/finfit-ui/node_modules/vitest/dist/chunks/index.DC7d2Pf8.js:331:22)
    at Object.teardown (file:///Users/svenvanlaar/Documents/GitHub/finfit/finfit-ui/node_modules/vitest/dist/chunks/index.DC7d2Pf8.js:392:10)
    at file:///Users/svenvanlaar/Documents/GitHub/finfit/finfit-ui/node_modules/vitest/dist/chunks/base.BPik1OqN.js:168:65
    at Traces.$ (file:///Users/svenvanlaar/Documents/GitHub/finfit/finfit-ui/node_modules/vitest/dist/chunks/traces.DT5aQ62U.js:142:27)
DOMException [AbortError]: The operation was aborted.
    at Fetch.onAsyncTaskManagerAbort (file:///Users/svenvanlaar/Documents/GitHub/finfit/finfit-ui/node_modules/happy-dom/lib/fetch/Fetch.js:546:23)
    at Object.<anonymous> (file:///Users/svenvanlaar/Documents/GitHub/finfit/finfit-ui/node_modules/happy-dom/lib/fetch/Fetch.js:416:101)
    at AsyncTaskManager.abortAll (file:///Users/svenvanlaar/Documents/GitHub/finfit/finfit-ui/node_modules/happy-dom/lib/async-task-manager/AsyncTaskManager.js:292:30)
    at AsyncTaskManager.abort (file:///Users/svenvanlaar/Documents/GitHub/finfit/finfit-ui/node_modules/happy-dom/lib/async-task-manager/AsyncTaskManager.js:52:21)
    at DetachedBrowserFrame.abort (file:///Users/svenvanlaar/Documents/GitHub/finfit/finfit-ui/node_modules/happy-dom/lib/browser/detached-browser/DetachedBrowserFrame.js:112:58)
    at DetachedWindowAPI.abort (file:///Users/svenvanlaar/Documents/GitHub/finfit/finfit-ui/node_modules/happy-dom/lib/window/DetachedWindowAPI.js:51:35)
    at teardownWindow (file:///Users/svenvanlaar/Documents/GitHub/finfit/finfit-ui/node_modules/vitest/dist/chunks/index.DC7d2Pf8.js:331:22)
    at Object.teardown (file:///Users/svenvanlaar/Documents/GitHub/finfit/finfit-ui/node_modules/vitest/dist/chunks/index.DC7d2Pf8.js:392:10)
    at file:///Users/svenvanlaar/Documents/GitHub/finfit/finfit-ui/node_modules/vitest/dist/chunks/base.BPik1OqN.js:168:65
    at Traces.$ (file:///Users/svenvanlaar/Documents/GitHub/finfit/finfit-ui/node_modules/vitest/dist/chunks/traces.DT5aQ62U.js:142:27)
DOMException [AbortError]: The operation was aborted.
    at Fetch.onAsyncTaskManagerAbort (file:///Users/svenvanlaar/Documents/GitHub/finfit/finfit-ui/node_modules/happy-dom/lib/fetch/Fetch.js:546:23)
    at Object.<anonymous> (file:///Users/svenvanlaar/Documents/GitHub/finfit/finfit-ui/node_modules/happy-dom/lib/fetch/Fetch.js:416:101)
    at AsyncTaskManager.abortAll (file:///Users/svenvanlaar/Documents/GitHub/finfit/finfit-ui/node_modules/happy-dom/lib/async-task-manager/AsyncTaskManager.js:292:30)
    at AsyncTaskManager.abort (file:///Users/svenvanlaar/Documents/GitHub/finfit/finfit-ui/node_modules/happy-dom/lib/async-task-manager/AsyncTaskManager.js:52:21)
    at DetachedBrowserFrame.abort (file:///Users/svenvanlaar/Documents/GitHub/finfit/finfit-ui/node_modules/happy-dom/lib/browser/detached-browser/DetachedBrowserFrame.js:112:58)
    at DetachedWindowAPI.abort (file:///Users/svenvanlaar/Documents/GitHub/finfit/finfit-ui/node_modules/happy-dom/lib/window/DetachedWindowAPI.js:51:35)
    at teardownWindow (file:///Users/svenvanlaar/Documents/GitHub/finfit/finfit-ui/node_modules/vitest/dist/chunks/index.DC7d2Pf8.js:331:22)
    at Object.teardown (file:///Users/svenvanlaar/Documents/GitHub/finfit/finfit-ui/node_modules/vitest/dist/chunks/index.DC7d2Pf8.js:392:10)
    at file:///Users/svenvanlaar/Documents/GitHub/finfit/finfit-ui/node_modules/vitest/dist/chunks/base.BPik1OqN.js:168:65
    at Traces.$ (file:///Users/svenvanlaar/Documents/GitHub/finfit/finfit-ui/node_modules/vitest/dist/chunks/traces.DT5aQ62U.js:142:27)
DOMException [AbortError]: The operation was aborted.
    at Fetch.onAsyncTaskManagerAbort (file:///Users/svenvanlaar/Documents/GitHub/finfit/finfit-ui/node_modules/happy-dom/lib/fetch/Fetch.js:546:23)
    at Object.<anonymous> (file:///Users/svenvanlaar/Documents/GitHub/finfit/finfit-ui/node_modules/happy-dom/lib/fetch/Fetch.js:416:101)
    at AsyncTaskManager.abortAll (file:///Users/svenvanlaar/Documents/GitHub/finfit/finfit-ui/node_modules/happy-dom/lib/async-task-manager/AsyncTaskManager.js:292:30)
    at AsyncTaskManager.abort (file:///Users/svenvanlaar/Documents/GitHub/finfit/finfit-ui/node_modules/happy-dom/lib/async-task-manager/AsyncTaskManager.js:52:21)
    at DetachedBrowserFrame.abort (file:///Users/svenvanlaar/Documents/GitHub/finfit/finfit-ui/node_modules/happy-dom/lib/browser/detached-browser/DetachedBrowserFrame.js:112:58)
    at DetachedWindowAPI.abort (file:///Users/svenvanlaar/Documents/GitHub/finfit/finfit-ui/node_modules/happy-dom/lib/window/DetachedWindowAPI.js:51:35)
    at teardownWindow (file:///Users/svenvanlaar/Documents/GitHub/finfit/finfit-ui/node_modules/vitest/dist/chunks/index.DC7d2Pf8.js:331:22)
    at Object.teardown (file:///Users/svenvanlaar/Documents/GitHub/finfit/finfit-ui/node_modules/vitest/dist/chunks/index.DC7d2Pf8.js:392:10)
    at file:///Users/svenvanlaar/Documents/GitHub/finfit/finfit-ui/node_modules/vitest/dist/chunks/base.BPik1OqN.js:168:65
    at Traces.$ (file:///Users/svenvanlaar/Documents/GitHub/finfit/finfit-ui/node_modules/vitest/dist/chunks/traces.DT5aQ62U.js:142:27)
DOMException [AbortError]: The operation was aborted.
    at Fetch.onAsyncTaskManagerAbort (file:///Users/svenvanlaar/Documents/GitHub/finfit/finfit-ui/node_modules/happy-dom/lib/fetch/Fetch.js:546:23)
    at Object.<anonymous> (file:///Users/svenvanlaar/Documents/GitHub/finfit/finfit-ui/node_modules/happy-dom/lib/fetch/Fetch.js:416:101)
    at AsyncTaskManager.abortAll (file:///Users/svenvanlaar/Documents/GitHub/finfit/finfit-ui/node_modules/happy-dom/lib/async-task-manager/AsyncTaskManager.js:292:30)
    at AsyncTaskManager.abort (file:///Users/svenvanlaar/Documents/GitHub/finfit/finfit-ui/node_modules/happy-dom/lib/async-task-manager/AsyncTaskManager.js:52:21)
    at DetachedBrowserFrame.abort (file:///Users/svenvanlaar/Documents/GitHub/finfit/finfit-ui/node_modules/happy-dom/lib/browser/detached-browser/DetachedBrowserFrame.js:112:58)
    at DetachedWindowAPI.abort (file:///Users/svenvanlaar/Documents/GitHub/finfit/finfit-ui/node_modules/happy-dom/lib/window/DetachedWindowAPI.js:51:35)
    at teardownWindow (file:///Users/svenvanlaar/Documents/GitHub/finfit/finfit-ui/node_modules/vitest/dist/chunks/index.DC7d2Pf8.js:331:22)
    at Object.teardown (file:///Users/svenvanlaar/Documents/GitHub/finfit/finfit-ui/node_modules/vitest/dist/chunks/index.DC7d2Pf8.js:392:10)
    at file:///Users/svenvanlaar/Documents/GitHub/finfit/finfit-ui/node_modules/vitest/dist/chunks/base.BPik1OqN.js:168:65
    at Traces.$ (file:///Users/svenvanlaar/Documents/GitHub/finfit/finfit-ui/node_modules/vitest/dist/chunks/traces.DT5aQ62U.js:142:27)
DOMException [AbortError]: The operation was aborted.
    at Fetch.onAsyncTaskManagerAbort (file:///Users/svenvanlaar/Documents/GitHub/finfit/finfit-ui/node_modules/happy-dom/lib/fetch/Fetch.js:546:23)
    at Object.<anonymous> (file:///Users/svenvanlaar/Documents/GitHub/finfit/finfit-ui/node_modules/happy-dom/lib/fetch/Fetch.js:416:101)
    at AsyncTaskManager.abortAll (file:///Users/svenvanlaar/Documents/GitHub/finfit/finfit-ui/node_modules/happy-dom/lib/async-task-manager/AsyncTaskManager.js:292:30)
    at AsyncTaskManager.abort (file:///Users/svenvanlaar/Documents/GitHub/finfit/finfit-ui/node_modules/happy-dom/lib/async-task-manager/AsyncTaskManager.js:52:21)
    at DetachedBrowserFrame.abort (file:///Users/svenvanlaar/Documents/GitHub/finfit/finfit-ui/node_modules/happy-dom/lib/browser/detached-browser/DetachedBrowserFrame.js:112:58)
    at DetachedWindowAPI.abort (file:///Users/svenvanlaar/Documents/GitHub/finfit/finfit-ui/node_modules/happy-dom/lib/window/DetachedWindowAPI.js:51:35)
    at teardownWindow (file:///Users/svenvanlaar/Documents/GitHub/finfit/finfit-ui/node_modules/vitest/dist/chunks/index.DC7d2Pf8.js:331:22)
    at Object.teardown (file:///Users/svenvanlaar/Documents/GitHub/finfit/finfit-ui/node_modules/vitest/dist/chunks/index.DC7d2Pf8.js:392:10)
    at file:///Users/svenvanlaar/Documents/GitHub/finfit/finfit-ui/node_modules/vitest/dist/chunks/base.BPik1OqN.js:168:65
    at Traces.$ (file:///Users/svenvanlaar/Documents/GitHub/finfit/finfit-ui/node_modules/vitest/dist/chunks/traces.DT5aQ62U.js:142:27)
DOMException [AbortError]: The operation was aborted.
    at Fetch.onAsyncTaskManagerAbort (file:///Users/svenvanlaar/Documents/GitHub/finfit/finfit-ui/node_modules/happy-dom/lib/fetch/Fetch.js:546:23)
    at Object.<anonymous> (file:///Users/svenvanlaar/Documents/GitHub/finfit/finfit-ui/node_modules/happy-dom/lib/fetch/Fetch.js:416:101)
    at AsyncTaskManager.abortAll (file:///Users/svenvanlaar/Documents/GitHub/finfit/finfit-ui/node_modules/happy-dom/lib/async-task-manager/AsyncTaskManager.js:292:30)
    at AsyncTaskManager.abort (file:///Users/svenvanlaar/Documents/GitHub/finfit/finfit-ui/node_modules/happy-dom/lib/async-task-manager/AsyncTaskManager.js:52:21)
    at DetachedBrowserFrame.abort (file:///Users/svenvanlaar/Documents/GitHub/finfit/finfit-ui/node_modules/happy-dom/lib/browser/detached-browser/DetachedBrowserFrame.js:112:58)
    at DetachedWindowAPI.abort (file:///Users/svenvanlaar/Documents/GitHub/finfit/finfit-ui/node_modules/happy-dom/lib/window/DetachedWindowAPI.js:51:35)
    at teardownWindow (file:///Users/svenvanlaar/Documents/GitHub/finfit/finfit-ui/node_modules/vitest/dist/chunks/index.DC7d2Pf8.js:331:22)
    at Object.teardown (file:///Users/svenvanlaar/Documents/GitHub/finfit/finfit-ui/node_modules/vitest/dist/chunks/index.DC7d2Pf8.js:392:10)
    at file:///Users/svenvanlaar/Documents/GitHub/finfit/finfit-ui/node_modules/vitest/dist/chunks/base.BPik1OqN.js:168:65
    at Traces.$ (file:///Users/svenvanlaar/Documents/GitHub/finfit/finfit-ui/node_modules/vitest/dist/chunks/traces.DT5aQ62U.js:142:27)
DOMException [AbortError]: The operation was aborted.
    at Fetch.onAsyncTaskManagerAbort (file:///Users/svenvanlaar/Documents/GitHub/finfit/finfit-ui/node_modules/happy-dom/lib/fetch/Fetch.js:546:23)
    at Object.<anonymous> (file:///Users/svenvanlaar/Documents/GitHub/finfit/finfit-ui/node_modules/happy-dom/lib/fetch/Fetch.js:416:101)
    at AsyncTaskManager.abortAll (file:///Users/svenvanlaar/Documents/GitHub/finfit/finfit-ui/node_modules/happy-dom/lib/async-task-manager/AsyncTaskManager.js:292:30)
    at AsyncTaskManager.abort (file:///Users/svenvanlaar/Documents/GitHub/finfit/finfit-ui/node_modules/happy-dom/lib/async-task-manager/AsyncTaskManager.js:52:21)
    at DetachedBrowserFrame.abort (file:///Users/svenvanlaar/Documents/GitHub/finfit/finfit-ui/node_modules/happy-dom/lib/browser/detached-browser/DetachedBrowserFrame.js:112:58)
    at DetachedWindowAPI.abort (file:///Users/svenvanlaar/Documents/GitHub/finfit/finfit-ui/node_modules/happy-dom/lib/window/DetachedWindowAPI.js:51:35)
    at teardownWindow (file:///Users/svenvanlaar/Documents/GitHub/finfit/finfit-ui/node_modules/vitest/dist/chunks/index.DC7d2Pf8.js:331:22)
    at Object.teardown (file:///Users/svenvanlaar/Documents/GitHub/finfit/finfit-ui/node_modules/vitest/dist/chunks/index.DC7d2Pf8.js:392:10)
    at file:///Users/svenvanlaar/Documents/GitHub/finfit/finfit-ui/node_modules/vitest/dist/chunks/base.BPik1OqN.js:168:65
    at Traces.$ (file:///Users/svenvanlaar/Documents/GitHub/finfit/finfit-ui/node_modules/vitest/dist/chunks/traces.DT5aQ62U.js:142:27)
DOMException [AbortError]: The operation was aborted.
    at Fetch.onAsyncTaskManagerAbort (file:///Users/svenvanlaar/Documents/GitHub/finfit/finfit-ui/node_modules/happy-dom/lib/fetch/Fetch.js:546:23)
    at Object.<anonymous> (file:///Users/svenvanlaar/Documents/GitHub/finfit/finfit-ui/node_modules/happy-dom/lib/fetch/Fetch.js:416:101)
    at AsyncTaskManager.abortAll (file:///Users/svenvanlaar/Documents/GitHub/finfit/finfit-ui/node_modules/happy-dom/lib/async-task-manager/AsyncTaskManager.js:292:30)
    at AsyncTaskManager.abort (file:///Users/svenvanlaar/Documents/GitHub/finfit/finfit-ui/node_modules/happy-dom/lib/async-task-manager/AsyncTaskManager.js:52:21)
    at DetachedBrowserFrame.abort (file:///Users/svenvanlaar/Documents/GitHub/finfit/finfit-ui/node_modules/happy-dom/lib/browser/detached-browser/DetachedBrowserFrame.js:112:58)
    at DetachedWindowAPI.abort (file:///Users/svenvanlaar/Documents/GitHub/finfit/finfit-ui/node_modules/happy-dom/lib/window/DetachedWindowAPI.js:51:35)
    at teardownWindow (file:///Users/svenvanlaar/Documents/GitHub/finfit/finfit-ui/node_modules/vitest/dist/chunks/index.DC7d2Pf8.js:331:22)
    at Object.teardown (file:///Users/svenvanlaar/Documents/GitHub/finfit/finfit-ui/node_modules/vitest/dist/chunks/index.DC7d2Pf8.js:392:10)
    at file:///Users/svenvanlaar/Documents/GitHub/finfit/finfit-ui/node_modules/vitest/dist/chunks/base.BPik1OqN.js:168:65
    at Traces.$ (file:///Users/svenvanlaar/Documents/GitHub/finfit/finfit-ui/node_modules/vitest/dist/chunks/traces.DT5aQ62U.js:142:27)
DOMException [AbortError]: The operation was aborted.
    at Fetch.onAsyncTaskManagerAbort (file:///Users/svenvanlaar/Documents/GitHub/finfit/finfit-ui/node_modules/happy-dom/lib/fetch/Fetch.js:546:23)
    at Object.<anonymous> (file:///Users/svenvanlaar/Documents/GitHub/finfit/finfit-ui/node_modules/happy-dom/lib/fetch/Fetch.js:416:101)
    at AsyncTaskManager.abortAll (file:///Users/svenvanlaar/Documents/GitHub/finfit/finfit-ui/node_modules/happy-dom/lib/async-task-manager/AsyncTaskManager.js:292:30)
    at AsyncTaskManager.abort (file:///Users/svenvanlaar/Documents/GitHub/finfit/finfit-ui/node_modules/happy-dom/lib/async-task-manager/AsyncTaskManager.js:52:21)
    at DetachedBrowserFrame.abort (file:///Users/svenvanlaar/Documents/GitHub/finfit/finfit-ui/node_modules/happy-dom/lib/browser/detached-browser/DetachedBrowserFrame.js:112:58)
    at DetachedWindowAPI.abort (file:///Users/svenvanlaar/Documents/GitHub/finfit/finfit-ui/node_modules/happy-dom/lib/window/DetachedWindowAPI.js:51:35)
    at teardownWindow (file:///Users/svenvanlaar/Documents/GitHub/finfit/finfit-ui/node_modules/vitest/dist/chunks/index.DC7d2Pf8.js:331:22)
    at Object.teardown (file:///Users/svenvanlaar/Documents/GitHub/finfit/finfit-ui/node_modules/vitest/dist/chunks/index.DC7d2Pf8.js:392:10)
    at file:///Users/svenvanlaar/Documents/GitHub/finfit/finfit-ui/node_modules/vitest/dist/chunks/base.BPik1OqN.js:168:65
    at Traces.$ (file:///Users/svenvanlaar/Documents/GitHub/finfit/finfit-ui/node_modules/vitest/dist/chunks/traces.DT5aQ62U.js:142:27)
DOMException [AbortError]: The operation was aborted.
    at Fetch.onAsyncTaskManagerAbort (file:///Users/svenvanlaar/Documents/GitHub/finfit/finfit-ui/node_modules/happy-dom/lib/fetch/Fetch.js:546:23)
    at Object.<anonymous> (file:///Users/svenvanlaar/Documents/GitHub/finfit/finfit-ui/node_modules/happy-dom/lib/fetch/Fetch.js:416:101)
    at AsyncTaskManager.abortAll (file:///Users/svenvanlaar/Documents/GitHub/finfit/finfit-ui/node_modules/happy-dom/lib/async-task-manager/AsyncTaskManager.js:292:30)
    at AsyncTaskManager.abort (file:///Users/svenvanlaar/Documents/GitHub/finfit/finfit-ui/node_modules/happy-dom/lib/async-task-manager/AsyncTaskManager.js:52:21)
    at DetachedBrowserFrame.abort (file:///Users/svenvanlaar/Documents/GitHub/finfit/finfit-ui/node_modules/happy-dom/lib/browser/detached-browser/DetachedBrowserFrame.js:112:58)
    at DetachedWindowAPI.abort (file:///Users/svenvanlaar/Documents/GitHub/finfit/finfit-ui/node_modules/happy-dom/lib/window/DetachedWindowAPI.js:51:35)
    at teardownWindow (file:///Users/svenvanlaar/Documents/GitHub/finfit/finfit-ui/node_modules/vitest/dist/chunks/index.DC7d2Pf8.js:331:22)
    at Object.teardown (file:///Users/svenvanlaar/Documents/GitHub/finfit/finfit-ui/node_modules/vitest/dist/chunks/index.DC7d2Pf8.js:392:10)
    at file:///Users/svenvanlaar/Documents/GitHub/finfit/finfit-ui/node_modules/vitest/dist/chunks/base.BPik1OqN.js:168:65
    at Traces.$ (file:///Users/svenvanlaar/Documents/GitHub/finfit/finfit-ui/node_modules/vitest/dist/chunks/traces.DT5aQ62U.js:142:27)
DOMException [AbortError]: The operation was aborted.
    at Fetch.onAsyncTaskManagerAbort (file:///Users/svenvanlaar/Documents/GitHub/finfit/finfit-ui/node_modules/happy-dom/lib/fetch/Fetch.js:546:23)
    at Object.<anonymous> (file:///Users/svenvanlaar/Documents/GitHub/finfit/finfit-ui/node_modules/happy-dom/lib/fetch/Fetch.js:416:101)
    at AsyncTaskManager.abortAll (file:///Users/svenvanlaar/Documents/GitHub/finfit/finfit-ui/node_modules/happy-dom/lib/async-task-manager/AsyncTaskManager.js:292:30)
    at AsyncTaskManager.abort (file:///Users/svenvanlaar/Documents/GitHub/finfit/finfit-ui/node_modules/happy-dom/lib/async-task-manager/AsyncTaskManager.js:52:21)
    at DetachedBrowserFrame.abort (file:///Users/svenvanlaar/Documents/GitHub/finfit/finfit-ui/node_modules/happy-dom/lib/browser/detached-browser/DetachedBrowserFrame.js:112:58)
    at DetachedWindowAPI.abort (file:///Users/svenvanlaar/Documents/GitHub/finfit/finfit-ui/node_modules/happy-dom/lib/window/DetachedWindowAPI.js:51:35)
    at teardownWindow (file:///Users/svenvanlaar/Documents/GitHub/finfit/finfit-ui/node_modules/vitest/dist/chunks/index.DC7d2Pf8.js:331:22)
    at Object.teardown (file:///Users/svenvanlaar/Documents/GitHub/finfit/finfit-ui/node_modules/vitest/dist/chunks/index.DC7d2Pf8.js:392:10)
    at file:///Users/svenvanlaar/Documents/GitHub/finfit/finfit-ui/node_modules/vitest/dist/chunks/base.BPik1OqN.js:168:65
    at Traces.$ (file:///Users/svenvanlaar/Documents/GitHub/finfit/finfit-ui/node_modules/vitest/dist/chunks/traces.DT5aQ62U.js:142:27)
DOMException [AbortError]: The operation was aborted.
    at Fetch.onAsyncTaskManagerAbort (file:///Users/svenvanlaar/Documents/GitHub/finfit/finfit-ui/node_modules/happy-dom/lib/fetch/Fetch.js:546:23)
    at Object.<anonymous> (file:///Users/svenvanlaar/Documents/GitHub/finfit/finfit-ui/node_modules/happy-dom/lib/fetch/Fetch.js:416:101)
    at AsyncTaskManager.abortAll (file:///Users/svenvanlaar/Documents/GitHub/finfit/finfit-ui/node_modules/happy-dom/lib/async-task-manager/AsyncTaskManager.js:292:30)
    at AsyncTaskManager.abort (file:///Users/svenvanlaar/Documents/GitHub/finfit/finfit-ui/node_modules/happy-dom/lib/async-task-manager/AsyncTaskManager.js:52:21)
    at DetachedBrowserFrame.abort (file:///Users/svenvanlaar/Documents/GitHub/finfit/finfit-ui/node_modules/happy-dom/lib/browser/detached-browser/DetachedBrowserFrame.js:112:58)
    at DetachedWindowAPI.abort (file:///Users/svenvanlaar/Documents/GitHub/finfit/finfit-ui/node_modules/happy-dom/lib/window/DetachedWindowAPI.js:51:35)
    at teardownWindow (file:///Users/svenvanlaar/Documents/GitHub/finfit/finfit-ui/node_modules/vitest/dist/chunks/index.DC7d2Pf8.js:331:22)
    at Object.teardown (file:///Users/svenvanlaar/Documents/GitHub/finfit/finfit-ui/node_modules/vitest/dist/chunks/index.DC7d2Pf8.js:392:10)
    at file:///Users/svenvanlaar/Documents/GitHub/finfit/finfit-ui/node_modules/vitest/dist/chunks/base.BPik1OqN.js:168:65
    at Traces.$ (file:///Users/svenvanlaar/Documents/GitHub/finfit/finfit-ui/node_modules/vitest/dist/chunks/traces.DT5aQ62U.js:142:27)
DOMException [AbortError]: The operation was aborted.
    at Fetch.onAsyncTaskManagerAbort (file:///Users/svenvanlaar/Documents/GitHub/finfit/finfit-ui/node_modules/happy-dom/lib/fetch/Fetch.js:546:23)
    at Object.<anonymous> (file:///Users/svenvanlaar/Documents/GitHub/finfit/finfit-ui/node_modules/happy-dom/lib/fetch/Fetch.js:416:101)
    at AsyncTaskManager.abortAll (file:///Users/svenvanlaar/Documents/GitHub/finfit/finfit-ui/node_modules/happy-dom/lib/async-task-manager/AsyncTaskManager.js:292:30)
    at AsyncTaskManager.abort (file:///Users/svenvanlaar/Documents/GitHub/finfit/finfit-ui/node_modules/happy-dom/lib/async-task-manager/AsyncTaskManager.js:52:21)
    at DetachedBrowserFrame.abort (file:///Users/svenvanlaar/Documents/GitHub/finfit/finfit-ui/node_modules/happy-dom/lib/browser/detached-browser/DetachedBrowserFrame.js:112:58)
    at DetachedWindowAPI.abort (file:///Users/svenvanlaar/Documents/GitHub/finfit/finfit-ui/node_modules/happy-dom/lib/window/DetachedWindowAPI.js:51:35)
    at teardownWindow (file:///Users/svenvanlaar/Documents/GitHub/finfit/finfit-ui/node_modules/vitest/dist/chunks/index.DC7d2Pf8.js:331:22)
    at Object.teardown (file:///Users/svenvanlaar/Documents/GitHub/finfit/finfit-ui/node_modules/vitest/dist/chunks/index.DC7d2Pf8.js:392:10)
    at file:///Users/svenvanlaar/Documents/GitHub/finfit/finfit-ui/node_modules/vitest/dist/chunks/base.BPik1OqN.js:168:65
    at Traces.$ (file:///Users/svenvanlaar/Documents/GitHub/finfit/finfit-ui/node_modules/vitest/dist/chunks/traces.DT5aQ62U.js:142:27)
DOMException [AbortError]: The operation was aborted.
    at Fetch.onAsyncTaskManagerAbort (file:///Users/svenvanlaar/Documents/GitHub/finfit/finfit-ui/node_modules/happy-dom/lib/fetch/Fetch.js:546:23)
    at Object.<anonymous> (file:///Users/svenvanlaar/Documents/GitHub/finfit/finfit-ui/node_modules/happy-dom/lib/fetch/Fetch.js:416:101)
    at AsyncTaskManager.abortAll (file:///Users/svenvanlaar/Documents/GitHub/finfit/finfit-ui/node_modules/happy-dom/lib/async-task-manager/AsyncTaskManager.js:292:30)
    at AsyncTaskManager.abort (file:///Users/svenvanlaar/Documents/GitHub/finfit/finfit-ui/node_modules/happy-dom/lib/async-task-manager/AsyncTaskManager.js:52:21)
    at DetachedBrowserFrame.abort (file:///Users/svenvanlaar/Documents/GitHub/finfit/finfit-ui/node_modules/happy-dom/lib/browser/detached-browser/DetachedBrowserFrame.js:112:58)
    at DetachedWindowAPI.abort (file:///Users/svenvanlaar/Documents/GitHub/finfit/finfit-ui/node_modules/happy-dom/lib/window/DetachedWindowAPI.js:51:35)
    at teardownWindow (file:///Users/svenvanlaar/Documents/GitHub/finfit/finfit-ui/node_modules/vitest/dist/chunks/index.DC7d2Pf8.js:331:22)
    at Object.teardown (file:///Users/svenvanlaar/Documents/GitHub/finfit/finfit-ui/node_modules/vitest/dist/chunks/index.DC7d2Pf8.js:392:10)
    at file:///Users/svenvanlaar/Documents/GitHub/finfit/finfit-ui/node_modules/vitest/dist/chunks/base.BPik1OqN.js:168:65
    at Traces.$ (file:///Users/svenvanlaar/Documents/GitHub/finfit/finfit-ui/node_modules/vitest/dist/chunks/traces.DT5aQ62U.js:142:27)
DOMException [AbortError]: The operation was aborted.
    at Fetch.onAsyncTaskManagerAbort (file:///Users/svenvanlaar/Documents/GitHub/finfit/finfit-ui/node_modules/happy-dom/lib/fetch/Fetch.js:546:23)
    at Object.<anonymous> (file:///Users/svenvanlaar/Documents/GitHub/finfit/finfit-ui/node_modules/happy-dom/lib/fetch/Fetch.js:416:101)
    at AsyncTaskManager.abortAll (file:///Users/svenvanlaar/Documents/GitHub/finfit/finfit-ui/node_modules/happy-dom/lib/async-task-manager/AsyncTaskManager.js:292:30)
    at AsyncTaskManager.abort (file:///Users/svenvanlaar/Documents/GitHub/finfit/finfit-ui/node_modules/happy-dom/lib/async-task-manager/AsyncTaskManager.js:52:21)
    at DetachedBrowserFrame.abort (file:///Users/svenvanlaar/Documents/GitHub/finfit/finfit-ui/node_modules/happy-dom/lib/browser/detached-browser/DetachedBrowserFrame.js:112:58)
    at DetachedWindowAPI.abort (file:///Users/svenvanlaar/Documents/GitHub/finfit/finfit-ui/node_modules/happy-dom/lib/window/DetachedWindowAPI.js:51:35)
    at teardownWindow (file:///Users/svenvanlaar/Documents/GitHub/finfit/finfit-ui/node_modules/vitest/dist/chunks/index.DC7d2Pf8.js:331:22)
    at Object.teardown (file:///Users/svenvanlaar/Documents/GitHub/finfit/finfit-ui/node_modules/vitest/dist/chunks/index.DC7d2Pf8.js:392:10)
    at file:///Users/svenvanlaar/Documents/GitHub/finfit/finfit-ui/node_modules/vitest/dist/chunks/base.BPik1OqN.js:168:65
    at Traces.$ (file:///Users/svenvanlaar/Documents/GitHub/finfit/finfit-ui/node_modules/vitest/dist/chunks/traces.DT5aQ62U.js:142:27)
DOMException [AbortError]: The operation was aborted.
    at Fetch.onAsyncTaskManagerAbort (file:///Users/svenvanlaar/Documents/GitHub/finfit/finfit-ui/node_modules/happy-dom/lib/fetch/Fetch.js:546:23)
    at Object.<anonymous> (file:///Users/svenvanlaar/Documents/GitHub/finfit/finfit-ui/node_modules/happy-dom/lib/fetch/Fetch.js:416:101)
    at AsyncTaskManager.abortAll (file:///Users/svenvanlaar/Documents/GitHub/finfit/finfit-ui/node_modules/happy-dom/lib/async-task-manager/AsyncTaskManager.js:292:30)
    at AsyncTaskManager.abort (file:///Users/svenvanlaar/Documents/GitHub/finfit/finfit-ui/node_modules/happy-dom/lib/async-task-manager/AsyncTaskManager.js:52:21)
    at DetachedBrowserFrame.abort (file:///Users/svenvanlaar/Documents/GitHub/finfit/finfit-ui/node_modules/happy-dom/lib/browser/detached-browser/DetachedBrowserFrame.js:112:58)
    at DetachedWindowAPI.abort (file:///Users/svenvanlaar/Documents/GitHub/finfit/finfit-ui/node_modules/happy-dom/lib/window/DetachedWindowAPI.js:51:35)
    at teardownWindow (file:///Users/svenvanlaar/Documents/GitHub/finfit/finfit-ui/node_modules/vitest/dist/chunks/index.DC7d2Pf8.js:331:22)
    at Object.teardown (file:///Users/svenvanlaar/Documents/GitHub/finfit/finfit-ui/node_modules/vitest/dist/chunks/index.DC7d2Pf8.js:392:10)
    at file:///Users/svenvanlaar/Documents/GitHub/finfit/finfit-ui/node_modules/vitest/dist/chunks/base.BPik1OqN.js:168:65
    at Traces.$ (file:///Users/svenvanlaar/Documents/GitHub/finfit/finfit-ui/node_modules/vitest/dist/chunks/traces.DT5aQ62U.js:142:27)
DOMException [AbortError]: The operation was aborted.
    at Fetch.onAsyncTaskManagerAbort (file:///Users/svenvanlaar/Documents/GitHub/finfit/finfit-ui/node_modules/happy-dom/lib/fetch/Fetch.js:546:23)
    at Object.<anonymous> (file:///Users/svenvanlaar/Documents/GitHub/finfit/finfit-ui/node_modules/happy-dom/lib/fetch/Fetch.js:416:101)
    at AsyncTaskManager.abortAll (file:///Users/svenvanlaar/Documents/GitHub/finfit/finfit-ui/node_modules/happy-dom/lib/async-task-manager/AsyncTaskManager.js:292:30)
    at AsyncTaskManager.abort (file:///Users/svenvanlaar/Documents/GitHub/finfit/finfit-ui/node_modules/happy-dom/lib/async-task-manager/AsyncTaskManager.js:52:21)
    at DetachedBrowserFrame.abort (file:///Users/svenvanlaar/Documents/GitHub/finfit/finfit-ui/node_modules/happy-dom/lib/browser/detached-browser/DetachedBrowserFrame.js:112:58)
    at DetachedWindowAPI.abort (file:///Users/svenvanlaar/Documents/GitHub/finfit/finfit-ui/node_modules/happy-dom/lib/window/DetachedWindowAPI.js:51:35)
    at teardownWindow (file:///Users/svenvanlaar/Documents/GitHub/finfit/finfit-ui/node_modules/vitest/dist/chunks/index.DC7d2Pf8.js:331:22)
    at Object.teardown (file:///Users/svenvanlaar/Documents/GitHub/finfit/finfit-ui/node_modules/vitest/dist/chunks/index.DC7d2Pf8.js:392:10)
    at file:///Users/svenvanlaar/Documents/GitHub/finfit/finfit-ui/node_modules/vitest/dist/chunks/base.BPik1OqN.js:168:65
    at Traces.$ (file:///Users/svenvanlaar/Documents/GitHub/finfit/finfit-ui/node_modules/vitest/dist/chunks/traces.DT5aQ62U.js:142:27)
DOMException [AbortError]: The operation was aborted.
    at Fetch.onAsyncTaskManagerAbort (file:///Users/svenvanlaar/Documents/GitHub/finfit/finfit-ui/node_modules/happy-dom/lib/fetch/Fetch.js:546:23)
    at Object.<anonymous> (file:///Users/svenvanlaar/Documents/GitHub/finfit/finfit-ui/node_modules/happy-dom/lib/fetch/Fetch.js:416:101)
    at AsyncTaskManager.abortAll (file:///Users/svenvanlaar/Documents/GitHub/finfit/finfit-ui/node_modules/happy-dom/lib/async-task-manager/AsyncTaskManager.js:292:30)
    at AsyncTaskManager.abort (file:///Users/svenvanlaar/Documents/GitHub/finfit/finfit-ui/node_modules/happy-dom/lib/async-task-manager/AsyncTaskManager.js:52:21)
    at DetachedBrowserFrame.abort (file:///Users/svenvanlaar/Documents/GitHub/finfit/finfit-ui/node_modules/happy-dom/lib/browser/detached-browser/DetachedBrowserFrame.js:112:58)
    at DetachedWindowAPI.abort (file:///Users/svenvanlaar/Documents/GitHub/finfit/finfit-ui/node_modules/happy-dom/lib/window/DetachedWindowAPI.js:51:35)
    at teardownWindow (file:///Users/svenvanlaar/Documents/GitHub/finfit/finfit-ui/node_modules/vitest/dist/chunks/index.DC7d2Pf8.js:331:22)
    at Object.teardown (file:///Users/svenvanlaar/Documents/GitHub/finfit/finfit-ui/node_modules/vitest/dist/chunks/index.DC7d2Pf8.js:392:10)
    at file:///Users/svenvanlaar/Documents/GitHub/finfit/finfit-ui/node_modules/vitest/dist/chunks/base.BPik1OqN.js:168:65
    at Traces.$ (file:///Users/svenvanlaar/Documents/GitHub/finfit/finfit-ui/node_modules/vitest/dist/chunks/traces.DT5aQ62U.js:142:27)
DOMException [AbortError]: The operation was aborted.
    at Fetch.onAsyncTaskManagerAbort (file:///Users/svenvanlaar/Documents/GitHub/finfit/finfit-ui/node_modules/happy-dom/lib/fetch/Fetch.js:546:23)
    at Object.<anonymous> (file:///Users/svenvanlaar/Documents/GitHub/finfit/finfit-ui/node_modules/happy-dom/lib/fetch/Fetch.js:416:101)
    at AsyncTaskManager.abortAll (file:///Users/svenvanlaar/Documents/GitHub/finfit/finfit-ui/node_modules/happy-dom/lib/async-task-manager/AsyncTaskManager.js:292:30)
    at AsyncTaskManager.abort (file:///Users/svenvanlaar/Documents/GitHub/finfit/finfit-ui/node_modules/happy-dom/lib/async-task-manager/AsyncTaskManager.js:52:21)
    at DetachedBrowserFrame.abort (file:///Users/svenvanlaar/Documents/GitHub/finfit/finfit-ui/node_modules/happy-dom/lib/browser/detached-browser/DetachedBrowserFrame.js:112:58)
    at DetachedWindowAPI.abort (file:///Users/svenvanlaar/Documents/GitHub/finfit/finfit-ui/node_modules/happy-dom/lib/window/DetachedWindowAPI.js:51:35)
    at teardownWindow (file:///Users/svenvanlaar/Documents/GitHub/finfit/finfit-ui/node_modules/vitest/dist/chunks/index.DC7d2Pf8.js:331:22)
    at Object.teardown (file:///Users/svenvanlaar/Documents/GitHub/finfit/finfit-ui/node_modules/vitest/dist/chunks/index.DC7d2Pf8.js:392:10)
    at file:///Users/svenvanlaar/Documents/GitHub/finfit/finfit-ui/node_modules/vitest/dist/chunks/base.BPik1OqN.js:168:65
    at Traces.$ (file:///Users/svenvanlaar/Documents/GitHub/finfit/finfit-ui/node_modules/vitest/dist/chunks/traces.DT5aQ62U.js:142:27)
DOMException [AbortError]: The operation was aborted.
    at Fetch.onAsyncTaskManagerAbort (file:///Users/svenvanlaar/Documents/GitHub/finfit/finfit-ui/node_modules/happy-dom/lib/fetch/Fetch.js:546:23)
    at Object.<anonymous> (file:///Users/svenvanlaar/Documents/GitHub/finfit/finfit-ui/node_modules/happy-dom/lib/fetch/Fetch.js:416:101)
    at AsyncTaskManager.abortAll (file:///Users/svenvanlaar/Documents/GitHub/finfit/finfit-ui/node_modules/happy-dom/lib/async-task-manager/AsyncTaskManager.js:292:30)
    at AsyncTaskManager.abort (file:///Users/svenvanlaar/Documents/GitHub/finfit/finfit-ui/node_modules/happy-dom/lib/async-task-manager/AsyncTaskManager.js:52:21)
    at DetachedBrowserFrame.abort (file:///Users/svenvanlaar/Documents/GitHub/finfit/finfit-ui/node_modules/happy-dom/lib/browser/detached-browser/DetachedBrowserFrame.js:112:58)
    at DetachedWindowAPI.abort (file:///Users/svenvanlaar/Documents/GitHub/finfit/finfit-ui/node_modules/happy-dom/lib/window/DetachedWindowAPI.js:51:35)
    at teardownWindow (file:///Users/svenvanlaar/Documents/GitHub/finfit/finfit-ui/node_modules/vitest/dist/chunks/index.DC7d2Pf8.js:331:22)
    at Object.teardown (file:///Users/svenvanlaar/Documents/GitHub/finfit/finfit-ui/node_modules/vitest/dist/chunks/index.DC7d2Pf8.js:392:10)
    at file:///Users/svenvanlaar/Documents/GitHub/finfit/finfit-ui/node_modules/vitest/dist/chunks/base.BPik1OqN.js:168:65
    at Traces.$ (file:///Users/svenvanlaar/Documents/GitHub/finfit/finfit-ui/node_modules/vitest/dist/chunks/traces.DT5aQ62U.js:142:27)
DOMException [AbortError]: The operation was aborted.
    at Fetch.onAsyncTaskManagerAbort (file:///Users/svenvanlaar/Documents/GitHub/finfit/finfit-ui/node_modules/happy-dom/lib/fetch/Fetch.js:546:23)
    at Object.<anonymous> (file:///Users/svenvanlaar/Documents/GitHub/finfit/finfit-ui/node_modules/happy-dom/lib/fetch/Fetch.js:416:101)
    at AsyncTaskManager.abortAll (file:///Users/svenvanlaar/Documents/GitHub/finfit/finfit-ui/node_modules/happy-dom/lib/async-task-manager/AsyncTaskManager.js:292:30)
    at AsyncTaskManager.abort (file:///Users/svenvanlaar/Documents/GitHub/finfit/finfit-ui/node_modules/happy-dom/lib/async-task-manager/AsyncTaskManager.js:52:21)
    at DetachedBrowserFrame.abort (file:///Users/svenvanlaar/Documents/GitHub/finfit/finfit-ui/node_modules/happy-dom/lib/browser/detached-browser/DetachedBrowserFrame.js:112:58)
    at DetachedWindowAPI.abort (file:///Users/svenvanlaar/Documents/GitHub/finfit/finfit-ui/node_modules/happy-dom/lib/window/DetachedWindowAPI.js:51:35)
    at teardownWindow (file:///Users/svenvanlaar/Documents/GitHub/finfit/finfit-ui/node_modules/vitest/dist/chunks/index.DC7d2Pf8.js:331:22)
    at Object.teardown (file:///Users/svenvanlaar/Documents/GitHub/finfit/finfit-ui/node_modules/vitest/dist/chunks/index.DC7d2Pf8.js:392:10)
    at file:///Users/svenvanlaar/Documents/GitHub/finfit/finfit-ui/node_modules/vitest/dist/chunks/base.BPik1OqN.js:168:65
    at Traces.$ (file:///Users/svenvanlaar/Documents/GitHub/finfit/finfit-ui/node_modules/vitest/dist/chunks/traces.DT5aQ62U.js:142:27)
DOMException [AbortError]: The operation was aborted.
    at Fetch.onAsyncTaskManagerAbort (file:///Users/svenvanlaar/Documents/GitHub/finfit/finfit-ui/node_modules/happy-dom/lib/fetch/Fetch.js:546:23)
    at Object.<anonymous> (file:///Users/svenvanlaar/Documents/GitHub/finfit/finfit-ui/node_modules/happy-dom/lib/fetch/Fetch.js:416:101)
    at AsyncTaskManager.abortAll (file:///Users/svenvanlaar/Documents/GitHub/finfit/finfit-ui/node_modules/happy-dom/lib/async-task-manager/AsyncTaskManager.js:292:30)
    at AsyncTaskManager.abort (file:///Users/svenvanlaar/Documents/GitHub/finfit/finfit-ui/node_modules/happy-dom/lib/async-task-manager/AsyncTaskManager.js:52:21)
    at DetachedBrowserFrame.abort (file:///Users/svenvanlaar/Documents/GitHub/finfit/finfit-ui/node_modules/happy-dom/lib/browser/detached-browser/DetachedBrowserFrame.js:112:58)
    at DetachedWindowAPI.abort (file:///Users/svenvanlaar/Documents/GitHub/finfit/finfit-ui/node_modules/happy-dom/lib/window/DetachedWindowAPI.js:51:35)
    at teardownWindow (file:///Users/svenvanlaar/Documents/GitHub/finfit/finfit-ui/node_modules/vitest/dist/chunks/index.DC7d2Pf8.js:331:22)
    at Object.teardown (file:///Users/svenvanlaar/Documents/GitHub/finfit/finfit-ui/node_modules/vitest/dist/chunks/index.DC7d2Pf8.js:392:10)
    at file:///Users/svenvanlaar/Documents/GitHub/finfit/finfit-ui/node_modules/vitest/dist/chunks/base.BPik1OqN.js:168:65
    at Traces.$ (file:///Users/svenvanlaar/Documents/GitHub/finfit/finfit-ui/node_modules/vitest/dist/chunks/traces.DT5aQ62U.js:142:27)
DOMException [AbortError]: The operation was aborted.
    at Fetch.onAsyncTaskManagerAbort (file:///Users/svenvanlaar/Documents/GitHub/finfit/finfit-ui/node_modules/happy-dom/lib/fetch/Fetch.js:546:23)
    at Object.<anonymous> (file:///Users/svenvanlaar/Documents/GitHub/finfit/finfit-ui/node_modules/happy-dom/lib/fetch/Fetch.js:416:101)
    at AsyncTaskManager.abortAll (file:///Users/svenvanlaar/Documents/GitHub/finfit/finfit-ui/node_modules/happy-dom/lib/async-task-manager/AsyncTaskManager.js:292:30)
    at AsyncTaskManager.abort (file:///Users/svenvanlaar/Documents/GitHub/finfit/finfit-ui/node_modules/happy-dom/lib/async-task-manager/AsyncTaskManager.js:52:21)
    at DetachedBrowserFrame.abort (file:///Users/svenvanlaar/Documents/GitHub/finfit/finfit-ui/node_modules/happy-dom/lib/browser/detached-browser/DetachedBrowserFrame.js:112:58)
    at DetachedWindowAPI.abort (file:///Users/svenvanlaar/Documents/GitHub/finfit/finfit-ui/node_modules/happy-dom/lib/window/DetachedWindowAPI.js:51:35)
    at teardownWindow (file:///Users/svenvanlaar/Documents/GitHub/finfit/finfit-ui/node_modules/vitest/dist/chunks/index.DC7d2Pf8.js:331:22)
    at Object.teardown (file:///Users/svenvanlaar/Documents/GitHub/finfit/finfit-ui/node_modules/vitest/dist/chunks/index.DC7d2Pf8.js:392:10)
    at file:///Users/svenvanlaar/Documents/GitHub/finfit/finfit-ui/node_modules/vitest/dist/chunks/base.BPik1OqN.js:168:65
    at Traces.$ (file:///Users/svenvanlaar/Documents/GitHub/finfit/finfit-ui/node_modules/vitest/dist/chunks/traces.DT5aQ62U.js:142:27)
DOMException [AbortError]: The operation was aborted.
    at Fetch.onAsyncTaskManagerAbort (file:///Users/svenvanlaar/Documents/GitHub/finfit/finfit-ui/node_modules/happy-dom/lib/fetch/Fetch.js:546:23)
    at Object.<anonymous> (file:///Users/svenvanlaar/Documents/GitHub/finfit/finfit-ui/node_modules/happy-dom/lib/fetch/Fetch.js:416:101)
    at AsyncTaskManager.abortAll (file:///Users/svenvanlaar/Documents/GitHub/finfit/finfit-ui/node_modules/happy-dom/lib/async-task-manager/AsyncTaskManager.js:292:30)
    at AsyncTaskManager.abort (file:///Users/svenvanlaar/Documents/GitHub/finfit/finfit-ui/node_modules/happy-dom/lib/async-task-manager/AsyncTaskManager.js:52:21)
    at DetachedBrowserFrame.abort (file:///Users/svenvanlaar/Documents/GitHub/finfit/finfit-ui/node_modules/happy-dom/lib/browser/detached-browser/DetachedBrowserFrame.js:112:58)
    at DetachedWindowAPI.abort (file:///Users/svenvanlaar/Documents/GitHub/finfit/finfit-ui/node_modules/happy-dom/lib/window/DetachedWindowAPI.js:51:35)
    at teardownWindow (file:///Users/svenvanlaar/Documents/GitHub/finfit/finfit-ui/node_modules/vitest/dist/chunks/index.DC7d2Pf8.js:331:22)
    at Object.teardown (file:///Users/svenvanlaar/Documents/GitHub/finfit/finfit-ui/node_modules/vitest/dist/chunks/index.DC7d2Pf8.js:392:10)
    at file:///Users/svenvanlaar/Documents/GitHub/finfit/finfit-ui/node_modules/vitest/dist/chunks/base.BPik1OqN.js:168:65
    at Traces.$ (file:///Users/svenvanlaar/Documents/GitHub/finfit/finfit-ui/node_modules/vitest/dist/chunks/traces.DT5aQ62U.js:142:27)
DOMException [AbortError]: The operation was aborted.
    at Fetch.onAsyncTaskManagerAbort (file:///Users/svenvanlaar/Documents/GitHub/finfit/finfit-ui/node_modules/happy-dom/lib/fetch/Fetch.js:546:23)
    at Object.<anonymous> (file:///Users/svenvanlaar/Documents/GitHub/finfit/finfit-ui/node_modules/happy-dom/lib/fetch/Fetch.js:416:101)
    at AsyncTaskManager.abortAll (file:///Users/svenvanlaar/Documents/GitHub/finfit/finfit-ui/node_modules/happy-dom/lib/async-task-manager/AsyncTaskManager.js:292:30)
    at AsyncTaskManager.abort (file:///Users/svenvanlaar/Documents/GitHub/finfit/finfit-ui/node_modules/happy-dom/lib/async-task-manager/AsyncTaskManager.js:52:21)
    at DetachedBrowserFrame.abort (file:///Users/svenvanlaar/Documents/GitHub/finfit/finfit-ui/node_modules/happy-dom/lib/browser/detached-browser/DetachedBrowserFrame.js:112:58)
    at DetachedWindowAPI.abort (file:///Users/svenvanlaar/Documents/GitHub/finfit/finfit-ui/node_modules/happy-dom/lib/window/DetachedWindowAPI.js:51:35)
    at teardownWindow (file:///Users/svenvanlaar/Documents/GitHub/finfit/finfit-ui/node_modules/vitest/dist/chunks/index.DC7d2Pf8.js:331:22)
    at Object.teardown (file:///Users/svenvanlaar/Documents/GitHub/finfit/finfit-ui/node_modules/vitest/dist/chunks/index.DC7d2Pf8.js:392:10)
    at file:///Users/svenvanlaar/Documents/GitHub/finfit/finfit-ui/node_modules/vitest/dist/chunks/base.BPik1OqN.js:168:65
    at Traces.$ (file:///Users/svenvanlaar/Documents/GitHub/finfit/finfit-ui/node_modules/vitest/dist/chunks/traces.DT5aQ62U.js:142:27)
DOMException [AbortError]: The operation was aborted.
    at Fetch.onAsyncTaskManagerAbort (file:///Users/svenvanlaar/Documents/GitHub/finfit/finfit-ui/node_modules/happy-dom/lib/fetch/Fetch.js:546:23)
    at Object.<anonymous> (file:///Users/svenvanlaar/Documents/GitHub/finfit/finfit-ui/node_modules/happy-dom/lib/fetch/Fetch.js:416:101)
    at AsyncTaskManager.abortAll (file:///Users/svenvanlaar/Documents/GitHub/finfit/finfit-ui/node_modules/happy-dom/lib/async-task-manager/AsyncTaskManager.js:292:30)
    at AsyncTaskManager.abort (file:///Users/svenvanlaar/Documents/GitHub/finfit/finfit-ui/node_modules/happy-dom/lib/async-task-manager/AsyncTaskManager.js:52:21)
    at DetachedBrowserFrame.abort (file:///Users/svenvanlaar/Documents/GitHub/finfit/finfit-ui/node_modules/happy-dom/lib/browser/detached-browser/DetachedBrowserFrame.js:112:58)
    at DetachedWindowAPI.abort (file:///Users/svenvanlaar/Documents/GitHub/finfit/finfit-ui/node_modules/happy-dom/lib/window/DetachedWindowAPI.js:51:35)
    at teardownWindow (file:///Users/svenvanlaar/Documents/GitHub/finfit/finfit-ui/node_modules/vitest/dist/chunks/index.DC7d2Pf8.js:331:22)
    at Object.teardown (file:///Users/svenvanlaar/Documents/GitHub/finfit/finfit-ui/node_modules/vitest/dist/chunks/index.DC7d2Pf8.js:392:10)
    at file:///Users/svenvanlaar/Documents/GitHub/finfit/finfit-ui/node_modules/vitest/dist/chunks/base.BPik1OqN.js:168:65
    at Traces.$ (file:///Users/svenvanlaar/Documents/GitHub/finfit/finfit-ui/node_modules/vitest/dist/chunks/traces.DT5aQ62U.js:142:27)
DOMException [AbortError]: The operation was aborted.
    at Fetch.onAsyncTaskManagerAbort (file:///Users/svenvanlaar/Documents/GitHub/finfit/finfit-ui/node_modules/happy-dom/lib/fetch/Fetch.js:546:23)
    at Object.<anonymous> (file:///Users/svenvanlaar/Documents/GitHub/finfit/finfit-ui/node_modules/happy-dom/lib/fetch/Fetch.js:416:101)
    at AsyncTaskManager.abortAll (file:///Users/svenvanlaar/Documents/GitHub/finfit/finfit-ui/node_modules/happy-dom/lib/async-task-manager/AsyncTaskManager.js:292:30)
    at AsyncTaskManager.abort (file:///Users/svenvanlaar/Documents/GitHub/finfit/finfit-ui/node_modules/happy-dom/lib/async-task-manager/AsyncTaskManager.js:52:21)
    at DetachedBrowserFrame.abort (file:///Users/svenvanlaar/Documents/GitHub/finfit/finfit-ui/node_modules/happy-dom/lib/browser/detached-browser/DetachedBrowserFrame.js:112:58)
    at DetachedWindowAPI.abort (file:///Users/svenvanlaar/Documents/GitHub/finfit/finfit-ui/node_modules/happy-dom/lib/window/DetachedWindowAPI.js:51:35)
    at teardownWindow (file:///Users/svenvanlaar/Documents/GitHub/finfit/finfit-ui/node_modules/vitest/dist/chunks/index.DC7d2Pf8.js:331:22)
    at Object.teardown (file:///Users/svenvanlaar/Documents/GitHub/finfit/finfit-ui/node_modules/vitest/dist/chunks/index.DC7d2Pf8.js:392:10)
    at file:///Users/svenvanlaar/Documents/GitHub/finfit/finfit-ui/node_modules/vitest/dist/chunks/base.BPik1OqN.js:168:65
    at Traces.$ (file:///Users/svenvanlaar/Documents/GitHub/finfit/finfit-ui/node_modules/vitest/dist/chunks/traces.DT5aQ62U.js:142:27)
DOMException [AbortError]: The operation was aborted.
    at Fetch.onAsyncTaskManagerAbort (file:///Users/svenvanlaar/Documents/GitHub/finfit/finfit-ui/node_modules/happy-dom/lib/fetch/Fetch.js:546:23)
    at Object.<anonymous> (file:///Users/svenvanlaar/Documents/GitHub/finfit/finfit-ui/node_modules/happy-dom/lib/fetch/Fetch.js:416:101)
    at AsyncTaskManager.abortAll (file:///Users/svenvanlaar/Documents/GitHub/finfit/finfit-ui/node_modules/happy-dom/lib/async-task-manager/AsyncTaskManager.js:292:30)
    at AsyncTaskManager.abort (file:///Users/svenvanlaar/Documents/GitHub/finfit/finfit-ui/node_modules/happy-dom/lib/async-task-manager/AsyncTaskManager.js:52:21)
    at DetachedBrowserFrame.abort (file:///Users/svenvanlaar/Documents/GitHub/finfit/finfit-ui/node_modules/happy-dom/lib/browser/detached-browser/DetachedBrowserFrame.js:112:58)
    at DetachedWindowAPI.abort (file:///Users/svenvanlaar/Documents/GitHub/finfit/finfit-ui/node_modules/happy-dom/lib/window/DetachedWindowAPI.js:51:35)
    at teardownWindow (file:///Users/svenvanlaar/Documents/GitHub/finfit/finfit-ui/node_modules/vitest/dist/chunks/index.DC7d2Pf8.js:331:22)
    at Object.teardown (file:///Users/svenvanlaar/Documents/GitHub/finfit/finfit-ui/node_modules/vitest/dist/chunks/index.DC7d2Pf8.js:392:10)
    at file:///Users/svenvanlaar/Documents/GitHub/finfit/finfit-ui/node_modules/vitest/dist/chunks/base.BPik1OqN.js:168:65
    at Traces.$ (file:///Users/svenvanlaar/Documents/GitHub/finfit/finfit-ui/node_modules/vitest/dist/chunks/traces.DT5aQ62U.js:142:27)
DOMException [AbortError]: The operation was aborted.
    at Fetch.onAsyncTaskManagerAbort (file:///Users/svenvanlaar/Documents/GitHub/finfit/finfit-ui/node_modules/happy-dom/lib/fetch/Fetch.js:546:23)
    at Object.<anonymous> (file:///Users/svenvanlaar/Documents/GitHub/finfit/finfit-ui/node_modules/happy-dom/lib/fetch/Fetch.js:416:101)
    at AsyncTaskManager.abortAll (file:///Users/svenvanlaar/Documents/GitHub/finfit/finfit-ui/node_modules/happy-dom/lib/async-task-manager/AsyncTaskManager.js:292:30)
    at AsyncTaskManager.abort (file:///Users/svenvanlaar/Documents/GitHub/finfit/finfit-ui/node_modules/happy-dom/lib/async-task-manager/AsyncTaskManager.js:52:21)
    at DetachedBrowserFrame.abort (file:///Users/svenvanlaar/Documents/GitHub/finfit/finfit-ui/node_modules/happy-dom/lib/browser/detached-browser/DetachedBrowserFrame.js:112:58)
    at DetachedWindowAPI.abort (file:///Users/svenvanlaar/Documents/GitHub/finfit/finfit-ui/node_modules/happy-dom/lib/window/DetachedWindowAPI.js:51:35)
    at teardownWindow (file:///Users/svenvanlaar/Documents/GitHub/finfit/finfit-ui/node_modules/vitest/dist/chunks/index.DC7d2Pf8.js:331:22)
    at Object.teardown (file:///Users/svenvanlaar/Documents/GitHub/finfit/finfit-ui/node_modules/vitest/dist/chunks/index.DC7d2Pf8.js:392:10)
    at file:///Users/svenvanlaar/Documents/GitHub/finfit/finfit-ui/node_modules/vitest/dist/chunks/base.BPik1OqN.js:168:65
    at Traces.$ (file:///Users/svenvanlaar/Documents/GitHub/finfit/finfit-ui/node_modules/vitest/dist/chunks/traces.DT5aQ62U.js:142:27)
[90mstderr[2m | fetchRates (/Users/svenvanlaar/Documents/GitHub/finfit/finfit-ui/app/dashboard/components/providers/DashboardDataProvider.tsx:43:25)
[22m[39mFailed to fetch currency rates DOMException [NetworkError]: Failed to execute "fetch()" on "Window" with URL "http://localhost:3000/api/proxy/currencies": The operation was aborted.
    at Fetch.onError [90m(file:///Users/svenvanlaar/Documents/GitHub/finfit/finfit-ui/[39mnode_modules/[4mhappy-dom[24m/lib/fetch/Fetch.js:540:21[90m)[39m
[90m    at ClientRequest.emit (node:events:509:20)[39m
[90m    at emitErrorEvent (node:_http_client:109:11)[39m
[90m    at Socket.socketErrorListener (node:_http_client:593:5)[39m
[90m    at Socket.emit (node:events:509:20)[39m
[90m    at emitErrorNT (node:internal/streams/destroy:170:8)[39m
[90m    at emitErrorCloseNT (node:internal/streams/destroy:129:3)[39m
[90m    at processTicksAndRejections (node:internal/process/task_queues:90:21)[39m
Failed to fetch currency rates DOMException [NetworkError]: Failed to execute "fetch()" on "Window" with URL "http://localhost:3000/api/proxy/currencies": The operation was aborted.
    at Fetch.onError [90m(file:///Users/svenvanlaar/Documents/GitHub/finfit/finfit-ui/[39mnode_modules/[4mhappy-dom[24m/lib/fetch/Fetch.js:540:21[90m)[39m
[90m    at ClientRequest.emit (node:events:509:20)[39m
[90m    at emitErrorEvent (node:_http_client:109:11)[39m
[90m    at Socket.socketErrorListener (node:_http_client:593:5)[39m
[90m    at Socket.emit (node:events:509:20)[39m
[90m    at emitErrorNT (node:internal/streams/destroy:170:8)[39m
[90m    at emitErrorCloseNT (node:internal/streams/destroy:129:3)[39m
[90m    at processTicksAndRejections (node:internal/process/task_queues:90:21)[39m
Failed to fetch currency rates DOMException [NetworkError]: Failed to execute "fetch()" on "Window" with URL "http://localhost:3000/api/proxy/currencies": The operation was aborted.
    at Fetch.onError [90m(file:///Users/svenvanlaar/Documents/GitHub/finfit/finfit-ui/[39mnode_modules/[4mhappy-dom[24m/lib/fetch/Fetch.js:540:21[90m)[39m
[90m    at ClientRequest.emit (node:events:509:20)[39m
[90m    at emitErrorEvent (node:_http_client:109:11)[39m
[90m    at Socket.socketErrorListener (node:_http_client:593:5)[39m
[90m    at Socket.emit (node:events:509:20)[39m
[90m    at emitErrorNT (node:internal/streams/destroy:170:8)[39m
[90m    at emitErrorCloseNT (node:internal/streams/destroy:129:3)[39m
[90m    at processTicksAndRejections (node:internal/process/task_queues:90:21)[39m
Failed to fetch currency rates DOMException [NetworkError]: Failed to execute "fetch()" on "Window" with URL "http://localhost:3000/api/proxy/currencies": The operation was aborted.
    at Fetch.onError [90m(file:///Users/svenvanlaar/Documents/GitHub/finfit/finfit-ui/[39mnode_modules/[4mhappy-dom[24m/lib/fetch/Fetch.js:540:21[90m)[39m
[90m    at ClientRequest.emit (node:events:509:20)[39m
[90m    at emitErrorEvent (node:_http_client:109:11)[39m
[90m    at Socket.socketErrorListener (node:_http_client:593:5)[39m
[90m    at Socket.emit (node:events:509:20)[39m
[90m    at emitErrorNT (node:internal/streams/destroy:170:8)[39m
[90m    at emitErrorCloseNT (node:internal/streams/destroy:129:3)[39m
[90m    at processTicksAndRejections (node:internal/process/task_queues:90:21)[39m
Failed to fetch currency rates DOMException [NetworkError]: Failed to execute "fetch()" on "Window" with URL "http://localhost:3000/api/proxy/currencies": The operation was aborted.
    at Fetch.onError [90m(file:///Users/svenvanlaar/Documents/GitHub/finfit/finfit-ui/[39mnode_modules/[4mhappy-dom[24m/lib/fetch/Fetch.js:540:21[90m)[39m
[90m    at ClientRequest.emit (node:events:509:20)[39m
[90m    at emitErrorEvent (node:_http_client:109:11)[39m
[90m    at Socket.socketErrorListener (node:_http_client:593:5)[39m
[90m    at Socket.emit (node:events:509:20)[39m
[90m    at emitErrorNT (node:internal/streams/destroy:170:8)[39m
[90m    at emitErrorCloseNT (node:internal/streams/destroy:129:3)[39m
[90m    at processTicksAndRejections (node:internal/process/task_queues:90:21)[39m
Failed to fetch currency rates DOMException [NetworkError]: Failed to execute "fetch()" on "Window" with URL "http://localhost:3000/api/proxy/currencies": The operation was aborted.
    at Fetch.onError [90m(file:///Users/svenvanlaar/Documents/GitHub/finfit/finfit-ui/[39mnode_modules/[4mhappy-dom[24m/lib/fetch/Fetch.js:540:21[90m)[39m
[90m    at ClientRequest.emit (node:events:509:20)[39m
[90m    at emitErrorEvent (node:_http_client:109:11)[39m
[90m    at Socket.socketErrorListener (node:_http_client:593:5)[39m
[90m    at Socket.emit (node:events:509:20)[39m
[90m    at emitErrorNT (node:internal/streams/destroy:170:8)[39m
[90m    at emitErrorCloseNT (node:internal/streams/destroy:129:3)[39m
[90m    at processTicksAndRejections (node:internal/process/task_queues:90:21)[39m
Failed to fetch currency rates DOMException [NetworkError]: Failed to execute "fetch()" on "Window" with URL "http://localhost:3000/api/proxy/currencies": The operation was aborted.
    at Fetch.onError [90m(file:///Users/svenvanlaar/Documents/GitHub/finfit/finfit-ui/[39mnode_modules/[4mhappy-dom[24m/lib/fetch/Fetch.js:540:21[90m)[39m
[90m    at ClientRequest.emit (node:events:509:20)[39m
[90m    at emitErrorEvent (node:_http_client:109:11)[39m
[90m    at Socket.socketErrorListener (node:_http_client:593:5)[39m
[90m    at Socket.emit (node:events:509:20)[39m
[90m    at emitErrorNT (node:internal/streams/destroy:170:8)[39m
[90m    at emitErrorCloseNT (node:internal/streams/destroy:129:3)[39m
[90m    at processTicksAndRejections (node:internal/process/task_queues:90:21)[39m
Failed to fetch currency rates DOMException [NetworkError]: Failed to execute "fetch()" on "Window" with URL "http://localhost:3000/api/proxy/currencies": The operation was aborted.
    at Fetch.onError [90m(file:///Users/svenvanlaar/Documents/GitHub/finfit/finfit-ui/[39mnode_modules/[4mhappy-dom[24m/lib/fetch/Fetch.js:540:21[90m)[39m
[90m    at ClientRequest.emit (node:events:509:20)[39m
[90m    at emitErrorEvent (node:_http_client:109:11)[39m
[90m    at Socket.socketErrorListener (node:_http_client:593:5)[39m
[90m    at Socket.emit (node:events:509:20)[39m
[90m    at emitErrorNT (node:internal/streams/destroy:170:8)[39m
[90m    at emitErrorCloseNT (node:internal/streams/destroy:129:3)[39m
[90m    at processTicksAndRejections (node:internal/process/task_queues:90:21)[39m
Failed to fetch currency rates DOMException [NetworkError]: Failed to execute "fetch()" on "Window" with URL "http://localhost:3000/api/proxy/currencies": The operation was aborted.
    at Fetch.onError [90m(file:///Users/svenvanlaar/Documents/GitHub/finfit/finfit-ui/[39mnode_modules/[4mhappy-dom[24m/lib/fetch/Fetch.js:540:21[90m)[39m
[90m    at ClientRequest.emit (node:events:509:20)[39m
[90m    at emitErrorEvent (node:_http_client:109:11)[39m
[90m    at Socket.socketErrorListener (node:_http_client:593:5)[39m
[90m    at Socket.emit (node:events:509:20)[39m
[90m    at emitErrorNT (node:internal/streams/destroy:170:8)[39m
[90m    at emitErrorCloseNT (node:internal/streams/destroy:129:3)[39m
[90m    at processTicksAndRejections (node:internal/process/task_queues:90:21)[39m
Failed to fetch currency rates DOMException [NetworkError]: Failed to execute "fetch()" on "Window" with URL "http://localhost:3000/api/proxy/currencies": The operation was aborted.
    at Fetch.onError [90m(file:///Users/svenvanlaar/Documents/GitHub/finfit/finfit-ui/[39mnode_modules/[4mhappy-dom[24m/lib/fetch/Fetch.js:540:21[90m)[39m
[90m    at ClientRequest.emit (node:events:509:20)[39m
[90m    at emitErrorEvent (node:_http_client:109:11)[39m
[90m    at Socket.socketErrorListener (node:_http_client:593:5)[39m
[90m    at Socket.emit (node:events:509:20)[39m
[90m    at emitErrorNT (node:internal/streams/destroy:170:8)[39m
[90m    at emitErrorCloseNT (node:internal/streams/destroy:129:3)[39m
[90m    at processTicksAndRejections (node:internal/process/task_queues:90:21)[39m
Failed to fetch currency rates DOMException [NetworkError]: Failed to execute "fetch()" on "Window" with URL "http://localhost:3000/api/proxy/currencies": The operation was aborted.
    at Fetch.onError [90m(file:///Users/svenvanlaar/Documents/GitHub/finfit/finfit-ui/[39mnode_modules/[4mhappy-dom[24m/lib/fetch/Fetch.js:540:21[90m)[39m
[90m    at ClientRequest.emit (node:events:509:20)[39m
[90m    at emitErrorEvent (node:_http_client:109:11)[39m
[90m    at Socket.socketErrorListener (node:_http_client:593:5)[39m
[90m    at Socket.emit (node:events:509:20)[39m
[90m    at emitErrorNT (node:internal/streams/destroy:170:8)[39m
[90m    at emitErrorCloseNT (node:internal/streams/destroy:129:3)[39m
[90m    at processTicksAndRejections (node:internal/process/task_queues:90:21)[39m
Failed to fetch currency rates DOMException [NetworkError]: Failed to execute "fetch()" on "Window" with URL "http://localhost:3000/api/proxy/currencies": The operation was aborted.
    at Fetch.onError [90m(file:///Users/svenvanlaar/Documents/GitHub/finfit/finfit-ui/[39mnode_modules/[4mhappy-dom[24m/lib/fetch/Fetch.js:540:21[90m)[39m
[90m    at ClientRequest.emit (node:events:509:20)[39m
[90m    at emitErrorEvent (node:_http_client:109:11)[39m
[90m    at Socket.socketErrorListener (node:_http_client:593:5)[39m
[90m    at Socket.emit (node:events:509:20)[39m
[90m    at emitErrorNT (node:internal/streams/destroy:170:8)[39m
[90m    at emitErrorCloseNT (node:internal/streams/destroy:129:3)[39m
[90m    at processTicksAndRejections (node:internal/process/task_queues:90:21)[39m
Failed to fetch currency rates DOMException [NetworkError]: Failed to execute "fetch()" on "Window" with URL "http://localhost:3000/api/proxy/currencies": The operation was aborted.
    at Fetch.onError [90m(file:///Users/svenvanlaar/Documents/GitHub/finfit/finfit-ui/[39mnode_modules/[4mhappy-dom[24m/lib/fetch/Fetch.js:540:21[90m)[39m
[90m    at ClientRequest.emit (node:events:509:20)[39m
[90m    at emitErrorEvent (node:_http_client:109:11)[39m
[90m    at Socket.socketErrorListener (node:_http_client:593:5)[39m
[90m    at Socket.emit (node:events:509:20)[39m
[90m    at emitErrorNT (node:internal/streams/destroy:170:8)[39m
[90m    at emitErrorCloseNT (node:internal/streams/destroy:129:3)[39m
[90m    at processTicksAndRejections (node:internal/process/task_queues:90:21)[39m
Failed to fetch currency rates DOMException [NetworkError]: Failed to execute "fetch()" on "Window" with URL "http://localhost:3000/api/proxy/currencies": The operation was aborted.
    at Fetch.onError [90m(file:///Users/svenvanlaar/Documents/GitHub/finfit/finfit-ui/[39mnode_modules/[4mhappy-dom[24m/lib/fetch/Fetch.js:540:21[90m)[39m
[90m    at ClientRequest.emit (node:events:509:20)[39m
[90m    at emitErrorEvent (node:_http_client:109:11)[39m
[90m    at Socket.socketErrorListener (node:_http_client:593:5)[39m
[90m    at Socket.emit (node:events:509:20)[39m
[90m    at emitErrorNT (node:internal/streams/destroy:170:8)[39m
[90m    at emitErrorCloseNT (node:internal/streams/destroy:129:3)[39m
[90m    at processTicksAndRejections (node:internal/process/task_queues:90:21)[39m
Failed to fetch currency rates DOMException [NetworkError]: Failed to execute "fetch()" on "Window" with URL "http://localhost:3000/api/proxy/currencies": The operation was aborted.
    at Fetch.onError [90m(file:///Users/svenvanlaar/Documents/GitHub/finfit/finfit-ui/[39mnode_modules/[4mhappy-dom[24m/lib/fetch/Fetch.js:540:21[90m)[39m
[90m    at ClientRequest.emit (node:events:509:20)[39m
[90m    at emitErrorEvent (node:_http_client:109:11)[39m
[90m    at Socket.socketErrorListener (node:_http_client:593:5)[39m
[90m    at Socket.emit (node:events:509:20)[39m
[90m    at emitErrorNT (node:internal/streams/destroy:170:8)[39m
[90m    at emitErrorCloseNT (node:internal/streams/destroy:129:3)[39m
[90m    at processTicksAndRejections (node:internal/process/task_queues:90:21)[39m
Failed to fetch currency rates DOMException [NetworkError]: Failed to execute "fetch()" on "Window" with URL "http://localhost:3000/api/proxy/currencies": The operation was aborted.
    at Fetch.onError [90m(file:///Users/svenvanlaar/Documents/GitHub/finfit/finfit-ui/[39mnode_modules/[4mhappy-dom[24m/lib/fetch/Fetch.js:540:21[90m)[39m
[90m    at ClientRequest.emit (node:events:509:20)[39m
[90m    at emitErrorEvent (node:_http_client:109:11)[39m
[90m    at Socket.socketErrorListener (node:_http_client:593:5)[39m
[90m    at Socket.emit (node:events:509:20)[39m
[90m    at emitErrorNT (node:internal/streams/destroy:170:8)[39m
[90m    at emitErrorCloseNT (node:internal/streams/destroy:129:3)[39m
[90m    at processTicksAndRejections (node:internal/process/task_queues:90:21)[39m
Failed to fetch currency rates DOMException [NetworkError]: Failed to execute "fetch()" on "Window" with URL "http://localhost:3000/api/proxy/currencies": The operation was aborted.
    at Fetch.onError [90m(file:///Users/svenvanlaar/Documents/GitHub/finfit/finfit-ui/[39mnode_modules/[4mhappy-dom[24m/lib/fetch/Fetch.js:540:21[90m)[39m
[90m    at ClientRequest.emit (node:events:509:20)[39m
[90m    at emitErrorEvent (node:_http_client:109:11)[39m
[90m    at Socket.socketErrorListener (node:_http_client:593:5)[39m
[90m    at Socket.emit (node:events:509:20)[39m
[90m    at emitErrorNT (node:internal/streams/destroy:170:8)[39m
[90m    at emitErrorCloseNT (node:internal/streams/destroy:129:3)[39m
[90m    at processTicksAndRejections (node:internal/process/task_queues:90:21)[39m
Failed to fetch currency rates DOMException [NetworkError]: Failed to execute "fetch()" on "Window" with URL "http://localhost:3000/api/proxy/currencies": The operation was aborted.
    at Fetch.onError [90m(file:///Users/svenvanlaar/Documents/GitHub/finfit/finfit-ui/[39mnode_modules/[4mhappy-dom[24m/lib/fetch/Fetch.js:540:21[90m)[39m
[90m    at ClientRequest.emit (node:events:509:20)[39m
[90m    at emitErrorEvent (node:_http_client:109:11)[39m
[90m    at Socket.socketErrorListener (node:_http_client:593:5)[39m
[90m    at Socket.emit (node:events:509:20)[39m
[90m    at emitErrorNT (node:internal/streams/destroy:170:8)[39m
[90m    at emitErrorCloseNT (node:internal/streams/destroy:129:3)[39m
[90m    at processTicksAndRejections (node:internal/process/task_queues:90:21)[39m
Failed to fetch currency rates DOMException [NetworkError]: Failed to execute "fetch()" on "Window" with URL "http://localhost:3000/api/proxy/currencies": The operation was aborted.
    at Fetch.onError [90m(file:///Users/svenvanlaar/Documents/GitHub/finfit/finfit-ui/[39mnode_modules/[4mhappy-dom[24m/lib/fetch/Fetch.js:540:21[90m)[39m
[90m    at ClientRequest.emit (node:events:509:20)[39m
[90m    at emitErrorEvent (node:_http_client:109:11)[39m
[90m    at Socket.socketErrorListener (node:_http_client:593:5)[39m
[90m    at Socket.emit (node:events:509:20)[39m
[90m    at emitErrorNT (node:internal/streams/destroy:170:8)[39m
[90m    at emitErrorCloseNT (node:internal/streams/destroy:129:3)[39m
[90m    at processTicksAndRejections (node:internal/process/task_queues:90:21)[39m
Failed to fetch currency rates DOMException [NetworkError]: Failed to execute "fetch()" on "Window" with URL "http://localhost:3000/api/proxy/currencies": The operation was aborted.
    at Fetch.onError [90m(file:///Users/svenvanlaar/Documents/GitHub/finfit/finfit-ui/[39mnode_modules/[4mhappy-dom[24m/lib/fetch/Fetch.js:540:21[90m)[39m
[90m    at ClientRequest.emit (node:events:509:20)[39m
[90m    at emitErrorEvent (node:_http_client:109:11)[39m
[90m    at Socket.socketErrorListener (node:_http_client:593:5)[39m
[90m    at Socket.emit (node:events:509:20)[39m
[90m    at emitErrorNT (node:internal/streams/destroy:170:8)[39m
[90m    at emitErrorCloseNT (node:internal/streams/destroy:129:3)[39m
[90m    at processTicksAndRejections (node:internal/process/task_queues:90:21)[39m
Failed to fetch currency rates DOMException [NetworkError]: Failed to execute "fetch()" on "Window" with URL "http://localhost:3000/api/proxy/currencies": The operation was aborted.
    at Fetch.onError [90m(file:///Users/svenvanlaar/Documents/GitHub/finfit/finfit-ui/[39mnode_modules/[4mhappy-dom[24m/lib/fetch/Fetch.js:540:21[90m)[39m
[90m    at ClientRequest.emit (node:events:509:20)[39m
[90m    at emitErrorEvent (node:_http_client:109:11)[39m
[90m    at Socket.socketErrorListener (node:_http_client:593:5)[39m
[90m    at Socket.emit (node:events:509:20)[39m
[90m    at emitErrorNT (node:internal/streams/destroy:170:8)[39m
[90m    at emitErrorCloseNT (node:internal/streams/destroy:129:3)[39m
[90m    at processTicksAndRejections (node:internal/process/task_queues:90:21)[39m
Failed to fetch currency rates DOMException [NetworkError]: Failed to execute "fetch()" on "Window" with URL "http://localhost:3000/api/proxy/currencies": The operation was aborted.
    at Fetch.onError [90m(file:///Users/svenvanlaar/Documents/GitHub/finfit/finfit-ui/[39mnode_modules/[4mhappy-dom[24m/lib/fetch/Fetch.js:540:21[90m)[39m
[90m    at ClientRequest.emit (node:events:509:20)[39m
[90m    at emitErrorEvent (node:_http_client:109:11)[39m
[90m    at Socket.socketErrorListener (node:_http_client:593:5)[39m
[90m    at Socket.emit (node:events:509:20)[39m
[90m    at emitErrorNT (node:internal/streams/destroy:170:8)[39m
[90m    at emitErrorCloseNT (node:internal/streams/destroy:129:3)[39m
[90m    at processTicksAndRejections (node:internal/process/task_queues:90:21)[39m
Failed to fetch currency rates DOMException [NetworkError]: Failed to execute "fetch()" on "Window" with URL "http://localhost:3000/api/proxy/currencies": The operation was aborted.
    at Fetch.onError [90m(file:///Users/svenvanlaar/Documents/GitHub/finfit/finfit-ui/[39mnode_modules/[4mhappy-dom[24m/lib/fetch/Fetch.js:540:21[90m)[39m
[90m    at ClientRequest.emit (node:events:509:20)[39m
[90m    at emitErrorEvent (node:_http_client:109:11)[39m
[90m    at Socket.socketErrorListener (node:_http_client:593:5)[39m
[90m    at Socket.emit (node:events:509:20)[39m
[90m    at emitErrorNT (node:internal/streams/destroy:170:8)[39m
[90m    at emitErrorCloseNT (node:internal/streams/destroy:129:3)[39m
[90m    at processTicksAndRejections (node:internal/process/task_queues:90:21)[39m
Failed to fetch currency rates DOMException [NetworkError]: Failed to execute "fetch()" on "Window" with URL "http://localhost:3000/api/proxy/currencies": The operation was aborted.
    at Fetch.onError [90m(file:///Users/svenvanlaar/Documents/GitHub/finfit/finfit-ui/[39mnode_modules/[4mhappy-dom[24m/lib/fetch/Fetch.js:540:21[90m)[39m
[90m    at ClientRequest.emit (node:events:509:20)[39m
[90m    at emitErrorEvent (node:_http_client:109:11)[39m
[90m    at Socket.socketErrorListener (node:_http_client:593:5)[39m
[90m    at Socket.emit (node:events:509:20)[39m
[90m    at emitErrorNT (node:internal/streams/destroy:170:8)[39m
[90m    at emitErrorCloseNT (node:internal/streams/destroy:129:3)[39m
[90m    at processTicksAndRejections (node:internal/process/task_queues:90:21)[39m
Failed to fetch currency rates DOMException [NetworkError]: Failed to execute "fetch()" on "Window" with URL "http://localhost:3000/api/proxy/currencies": The operation was aborted.
    at Fetch.onError [90m(file:///Users/svenvanlaar/Documents/GitHub/finfit/finfit-ui/[39mnode_modules/[4mhappy-dom[24m/lib/fetch/Fetch.js:540:21[90m)[39m
[90m    at ClientRequest.emit (node:events:509:20)[39m
[90m    at emitErrorEvent (node:_http_client:109:11)[39m
[90m    at Socket.socketErrorListener (node:_http_client:593:5)[39m
[90m    at Socket.emit (node:events:509:20)[39m
[90m    at emitErrorNT (node:internal/streams/destroy:170:8)[39m
[90m    at emitErrorCloseNT (node:internal/streams/destroy:129:3)[39m
[90m    at processTicksAndRejections (node:internal/process/task_queues:90:21)[39m
Failed to fetch currency rates DOMException [NetworkError]: Failed to execute "fetch()" on "Window" with URL "http://localhost:3000/api/proxy/currencies": The operation was aborted.
    at Fetch.onError [90m(file:///Users/svenvanlaar/Documents/GitHub/finfit/finfit-ui/[39mnode_modules/[4mhappy-dom[24m/lib/fetch/Fetch.js:540:21[90m)[39m
[90m    at ClientRequest.emit (node:events:509:20)[39m
[90m    at emitErrorEvent (node:_http_client:109:11)[39m
[90m    at Socket.socketErrorListener (node:_http_client:593:5)[39m
[90m    at Socket.emit (node:events:509:20)[39m
[90m    at emitErrorNT (node:internal/streams/destroy:170:8)[39m
[90m    at emitErrorCloseNT (node:internal/streams/destroy:129:3)[39m
[90m    at processTicksAndRejections (node:internal/process/task_queues:90:21)[39m
Failed to fetch currency rates DOMException [NetworkError]: Failed to execute "fetch()" on "Window" with URL "http://localhost:3000/api/proxy/currencies": The operation was aborted.
    at Fetch.onError [90m(file:///Users/svenvanlaar/Documents/GitHub/finfit/finfit-ui/[39mnode_modules/[4mhappy-dom[24m/lib/fetch/Fetch.js:540:21[90m)[39m
[90m    at ClientRequest.emit (node:events:509:20)[39m
[90m    at emitErrorEvent (node:_http_client:109:11)[39m
[90m    at Socket.socketErrorListener (node:_http_client:593:5)[39m
[90m    at Socket.emit (node:events:509:20)[39m
[90m    at emitErrorNT (node:internal/streams/destroy:170:8)[39m
[90m    at emitErrorCloseNT (node:internal/streams/destroy:129:3)[39m
[90m    at processTicksAndRejections (node:internal/process/task_queues:90:21)[39m
Failed to fetch currency rates DOMException [NetworkError]: Failed to execute "fetch()" on "Window" with URL "http://localhost:3000/api/proxy/currencies": The operation was aborted.
    at Fetch.onError [90m(file:///Users/svenvanlaar/Documents/GitHub/finfit/finfit-ui/[39mnode_modules/[4mhappy-dom[24m/lib/fetch/Fetch.js:540:21[90m)[39m
[90m    at ClientRequest.emit (node:events:509:20)[39m
[90m    at emitErrorEvent (node:_http_client:109:11)[39m
[90m    at Socket.socketErrorListener (node:_http_client:593:5)[39m
[90m    at Socket.emit (node:events:509:20)[39m
[90m    at emitErrorNT (node:internal/streams/destroy:170:8)[39m
[90m    at emitErrorCloseNT (node:internal/streams/destroy:129:3)[39m
[90m    at processTicksAndRejections (node:internal/process/task_queues:90:21)[39m
Failed to fetch currency rates DOMException [NetworkError]: Failed to execute "fetch()" on "Window" with URL "http://localhost:3000/api/proxy/currencies": The operation was aborted.
    at Fetch.onError [90m(file:///Users/svenvanlaar/Documents/GitHub/finfit/finfit-ui/[39mnode_modules/[4mhappy-dom[24m/lib/fetch/Fetch.js:540:21[90m)[39m
[90m    at ClientRequest.emit (node:events:509:20)[39m
[90m    at emitErrorEvent (node:_http_client:109:11)[39m
[90m    at Socket.socketErrorListener (node:_http_client:593:5)[39m
[90m    at Socket.emit (node:events:509:20)[39m
[90m    at emitErrorNT (node:internal/streams/destroy:170:8)[39m
[90m    at emitErrorCloseNT (node:internal/streams/destroy:129:3)[39m
[90m    at processTicksAndRejections (node:internal/process/task_queues:90:21)[39m
Failed to fetch currency rates DOMException [NetworkError]: Failed to execute "fetch()" on "Window" with URL "http://localhost:3000/api/proxy/currencies": The operation was aborted.
    at Fetch.onError [90m(file:///Users/svenvanlaar/Documents/GitHub/finfit/finfit-ui/[39mnode_modules/[4mhappy-dom[24m/lib/fetch/Fetch.js:540:21[90m)[39m
[90m    at ClientRequest.emit (node:events:509:20)[39m
[90m    at emitErrorEvent (node:_http_client:109:11)[39m
[90m    at Socket.socketErrorListener (node:_http_client:593:5)[39m
[90m    at Socket.emit (node:events:509:20)[39m
[90m    at emitErrorNT (node:internal/streams/destroy:170:8)[39m
[90m    at emitErrorCloseNT (node:internal/streams/destroy:129:3)[39m
[90m    at processTicksAndRejections (node:internal/process/task_queues:90:21)[39m
Failed to fetch currency rates DOMException [NetworkError]: Failed to execute "fetch()" on "Window" with URL "http://localhost:3000/api/proxy/currencies": The operation was aborted.
    at Fetch.onError [90m(file:///Users/svenvanlaar/Documents/GitHub/finfit/finfit-ui/[39mnode_modules/[4mhappy-dom[24m/lib/fetch/Fetch.js:540:21[90m)[39m
[90m    at ClientRequest.emit (node:events:509:20)[39m
[90m    at emitErrorEvent (node:_http_client:109:11)[39m
[90m    at Socket.socketErrorListener (node:_http_client:593:5)[39m
[90m    at Socket.emit (node:events:509:20)[39m
[90m    at emitErrorNT (node:internal/streams/destroy:170:8)[39m
[90m    at emitErrorCloseNT (node:internal/streams/destroy:129:3)[39m
[90m    at processTicksAndRejections (node:internal/process/task_queues:90:21)[39m
Failed to fetch currency rates DOMException [NetworkError]: Failed to execute "fetch()" on "Window" with URL "http://localhost:3000/api/proxy/currencies": The operation was aborted.
    at Fetch.onError [90m(file:///Users/svenvanlaar/Documents/GitHub/finfit/finfit-ui/[39mnode_modules/[4mhappy-dom[24m/lib/fetch/Fetch.js:540:21[90m)[39m
[90m    at ClientRequest.emit (node:events:509:20)[39m
[90m    at emitErrorEvent (node:_http_client:109:11)[39m
[90m    at Socket.socketErrorListener (node:_http_client:593:5)[39m
[90m    at Socket.emit (node:events:509:20)[39m
[90m    at emitErrorNT (node:internal/streams/destroy:170:8)[39m
[90m    at emitErrorCloseNT (node:internal/streams/destroy:129:3)[39m
[90m    at processTicksAndRejections (node:internal/process/task_queues:90:21)[39m
Failed to fetch currency rates DOMException [NetworkError]: Failed to execute "fetch()" on "Window" with URL "http://localhost:3000/api/proxy/currencies": The operation was aborted.
    at Fetch.onError [90m(file:///Users/svenvanlaar/Documents/GitHub/finfit/finfit-ui/[39mnode_modules/[4mhappy-dom[24m/lib/fetch/Fetch.js:540:21[90m)[39m
[90m    at ClientRequest.emit (node:events:509:20)[39m
[90m    at emitErrorEvent (node:_http_client:109:11)[39m
[90m    at Socket.socketErrorListener (node:_http_client:593:5)[39m
[90m    at Socket.emit (node:events:509:20)[39m
[90m    at emitErrorNT (node:internal/streams/destroy:170:8)[39m
[90m    at emitErrorCloseNT (node:internal/streams/destroy:129:3)[39m
[90m    at processTicksAndRejections (node:internal/process/task_queues:90:21)[39m
Failed to fetch currency rates DOMException [NetworkError]: Failed to execute "fetch()" on "Window" with URL "http://localhost:3000/api/proxy/currencies": The operation was aborted.
    at Fetch.onError [90m(file:///Users/svenvanlaar/Documents/GitHub/finfit/finfit-ui/[39mnode_modules/[4mhappy-dom[24m/lib/fetch/Fetch.js:540:21[90m)[39m
[90m    at ClientRequest.emit (node:events:509:20)[39m
[90m    at emitErrorEvent (node:_http_client:109:11)[39m
[90m    at Socket.socketErrorListener (node:_http_client:593:5)[39m
[90m    at Socket.emit (node:events:509:20)[39m
[90m    at emitErrorNT (node:internal/streams/destroy:170:8)[39m
[90m    at emitErrorCloseNT (node:internal/streams/destroy:129:3)[39m
[90m    at processTicksAndRejections (node:internal/process/task_queues:90:21)[39m
Failed to fetch currency rates DOMException [NetworkError]: Failed to execute "fetch()" on "Window" with URL "http://localhost:3000/api/proxy/currencies": The operation was aborted.
    at Fetch.onError [90m(file:///Users/svenvanlaar/Documents/GitHub/finfit/finfit-ui/[39mnode_modules/[4mhappy-dom[24m/lib/fetch/Fetch.js:540:21[90m)[39m
[90m    at ClientRequest.emit (node:events:509:20)[39m
[90m    at emitErrorEvent (node:_http_client:109:11)[39m
[90m    at Socket.socketErrorListener (node:_http_client:593:5)[39m
[90m    at Socket.emit (node:events:509:20)[39m
[90m    at emitErrorNT (node:internal/streams/destroy:170:8)[39m
[90m    at emitErrorCloseNT (node:internal/streams/destroy:129:3)[39m
[90m    at processTicksAndRejections (node:internal/process/task_queues:90:21)[39m
Failed to fetch currency rates DOMException [NetworkError]: Failed to execute "fetch()" on "Window" with URL "http://localhost:3000/api/proxy/currencies": The operation was aborted.
    at Fetch.onError [90m(file:///Users/svenvanlaar/Documents/GitHub/finfit/finfit-ui/[39mnode_modules/[4mhappy-dom[24m/lib/fetch/Fetch.js:540:21[90m)[39m
[90m    at ClientRequest.emit (node:events:509:20)[39m
[90m    at emitErrorEvent (node:_http_client:109:11)[39m
[90m    at Socket.socketErrorListener (node:_http_client:593:5)[39m
[90m    at Socket.emit (node:events:509:20)[39m
[90m    at emitErrorNT (node:internal/streams/destroy:170:8)[39m
[90m    at emitErrorCloseNT (node:internal/streams/destroy:129:3)[39m
[90m    at processTicksAndRejections (node:internal/process/task_queues:90:21)[39m
Failed to fetch currency rates DOMException [NetworkError]: Failed to execute "fetch()" on "Window" with URL "http://localhost:3000/api/proxy/currencies": The operation was aborted.
    at Fetch.onError [90m(file:///Users/svenvanlaar/Documents/GitHub/finfit/finfit-ui/[39mnode_modules/[4mhappy-dom[24m/lib/fetch/Fetch.js:540:21[90m)[39m
[90m    at ClientRequest.emit (node:events:509:20)[39m
[90m    at emitErrorEvent (node:_http_client:109:11)[39m
[90m    at Socket.socketErrorListener (node:_http_client:593:5)[39m
[90m    at Socket.emit (node:events:509:20)[39m
[90m    at emitErrorNT (node:internal/streams/destroy:170:8)[39m
[90m    at emitErrorCloseNT (node:internal/streams/destroy:129:3)[39m
[90m    at processTicksAndRejections (node:internal/process/task_queues:90:21)[39m
Failed to fetch currency rates DOMException [NetworkError]: Failed to execute "fetch()" on "Window" with URL "http://localhost:3000/api/proxy/currencies": The operation was aborted.
    at Fetch.onError [90m(file:///Users/svenvanlaar/Documents/GitHub/finfit/finfit-ui/[39mnode_modules/[4mhappy-dom[24m/lib/fetch/Fetch.js:540:21[90m)[39m
[90m    at ClientRequest.emit (node:events:509:20)[39m
[90m    at emitErrorEvent (node:_http_client:109:11)[39m
[90m    at Socket.socketErrorListener (node:_http_client:593:5)[39m
[90m    at Socket.emit (node:events:509:20)[39m
[90m    at emitErrorNT (node:internal/streams/destroy:170:8)[39m
[90m    at emitErrorCloseNT (node:internal/streams/destroy:129:3)[39m
[90m    at processTicksAndRejections (node:internal/process/task_queues:90:21)[39m
Failed to fetch currency rates DOMException [NetworkError]: Failed to execute "fetch()" on "Window" with URL "http://localhost:3000/api/proxy/currencies": The operation was aborted.
    at Fetch.onError [90m(file:///Users/svenvanlaar/Documents/GitHub/finfit/finfit-ui/[39mnode_modules/[4mhappy-dom[24m/lib/fetch/Fetch.js:540:21[90m)[39m
[90m    at ClientRequest.emit (node:events:509:20)[39m
[90m    at emitErrorEvent (node:_http_client:109:11)[39m
[90m    at Socket.socketErrorListener (node:_http_client:593:5)[39m
[90m    at Socket.emit (node:events:509:20)[39m
[90m    at emitErrorNT (node:internal/streams/destroy:170:8)[39m
[90m    at emitErrorCloseNT (node:internal/streams/destroy:129:3)[39m
[90m    at processTicksAndRejections (node:internal/process/task_queues:90:21)[39m
Failed to fetch currency rates DOMException [NetworkError]: Failed to execute "fetch()" on "Window" with URL "http://localhost:3000/api/proxy/currencies": The operation was aborted.
    at Fetch.onError [90m(file:///Users/svenvanlaar/Documents/GitHub/finfit/finfit-ui/[39mnode_modules/[4mhappy-dom[24m/lib/fetch/Fetch.js:540:21[90m)[39m
[90m    at ClientRequest.emit (node:events:509:20)[39m
[90m    at emitErrorEvent (node:_http_client:109:11)[39m
[90m    at Socket.socketErrorListener (node:_http_client:593:5)[39m
[90m    at Socket.emit (node:events:509:20)[39m
[90m    at emitErrorNT (node:internal/streams/destroy:170:8)[39m
[90m    at emitErrorCloseNT (node:internal/streams/destroy:129:3)[39m
[90m    at processTicksAndRejections (node:internal/process/task_queues:90:21)[39m

